Archive member included because of file (symbol)

/home/pato/Embebidos/Protocolos/protocolos_ws/CMSISv2p00_LPC13xx/Debug/libCMSISv2p00_LPC13xx.a(system_LPC13xx.o)
                              ./src/cr_startup_lpc13.o (SystemInit)
/usr/local/lpcxpresso_8.0.0_526/lpcxpresso/tools/bin/../lib/gcc/arm-none-eabi/4.9.3/../../../../arm-none-eabi/lib/armv7-m/libcr_semihost.a(_cr__main.o)
                              ./src/cr_startup_lpc13.o (__main)
/usr/local/lpcxpresso_8.0.0_526/lpcxpresso/tools/bin/../lib/gcc/arm-none-eabi/4.9.3/../../../../arm-none-eabi/lib/armv7-m/libcr_c.a(fpprintf.o)
                              ./Modules/cc2520/src/cc2520-task.o (sprintf)
/usr/local/lpcxpresso_8.0.0_526/lpcxpresso/tools/bin/../lib/gcc/arm-none-eabi/4.9.3/../../../../arm-none-eabi/lib/armv7-m/libcr_c.a(initio.o)
                              /usr/local/lpcxpresso_8.0.0_526/lpcxpresso/tools/bin/../lib/gcc/arm-none-eabi/4.9.3/../../../../arm-none-eabi/lib/armv7-m/libcr_semihost.a(_cr__main.o) (_initio)
/usr/local/lpcxpresso_8.0.0_526/lpcxpresso/tools/bin/../lib/gcc/arm-none-eabi/4.9.3/../../../../arm-none-eabi/lib/armv7-m/libcr_c.a(printf.o)
                              /usr/local/lpcxpresso_8.0.0_526/lpcxpresso/tools/bin/../lib/gcc/arm-none-eabi/4.9.3/../../../../arm-none-eabi/lib/armv7-m/libcr_c.a(fpprintf.o) (__vfprintf)
/usr/local/lpcxpresso_8.0.0_526/lpcxpresso/tools/bin/../lib/gcc/arm-none-eabi/4.9.3/../../../../arm-none-eabi/lib/armv7-m/libcr_c.a(setvbuf.o)
                              /usr/local/lpcxpresso_8.0.0_526/lpcxpresso/tools/bin/../lib/gcc/arm-none-eabi/4.9.3/../../../../arm-none-eabi/lib/armv7-m/libcr_c.a(initio.o) (setvbuf)
/usr/local/lpcxpresso_8.0.0_526/lpcxpresso/tools/bin/../lib/gcc/arm-none-eabi/4.9.3/../../../../arm-none-eabi/lib/armv7-m/libcr_c.a(stdio.o)
                              /usr/local/lpcxpresso_8.0.0_526/lpcxpresso/tools/bin/../lib/gcc/arm-none-eabi/4.9.3/../../../../arm-none-eabi/lib/armv7-m/libcr_c.a(fpprintf.o) (__Ciob)
/usr/local/lpcxpresso_8.0.0_526/lpcxpresso/tools/bin/../lib/gcc/arm-none-eabi/4.9.3/../../../../arm-none-eabi/lib/armv7-m/libcr_c.a(strlen.o)
                              ./Modules/cc2520/src/cc2520-task.o (strlen)
/usr/local/lpcxpresso_8.0.0_526/lpcxpresso/tools/bin/../lib/gcc/arm-none-eabi/4.9.3/../../../../arm-none-eabi/lib/armv7-m/libcr_c.a(strncmp.o)
                              ./Modules/cc2520/src/cc2520-task.o (strncmp)
/usr/local/lpcxpresso_8.0.0_526/lpcxpresso/tools/bin/../lib/gcc/arm-none-eabi/4.9.3/../../../../arm-none-eabi/lib/armv7-m/libcr_c.a(memset.o)
                              /usr/local/lpcxpresso_8.0.0_526/lpcxpresso/tools/bin/../lib/gcc/arm-none-eabi/4.9.3/../../../../arm-none-eabi/lib/armv7-m/libcr_c.a(fpprintf.o) (memset)
/usr/local/lpcxpresso_8.0.0_526/lpcxpresso/tools/bin/../lib/gcc/arm-none-eabi/4.9.3/../../../../arm-none-eabi/lib/armv7-m/libcr_c.a(__fillbuf.o)
                              /usr/local/lpcxpresso_8.0.0_526/lpcxpresso/tools/bin/../lib/gcc/arm-none-eabi/4.9.3/../../../../arm-none-eabi/lib/armv7-m/libcr_c.a(stdio.o) (__filbuf)
/usr/local/lpcxpresso_8.0.0_526/lpcxpresso/tools/bin/../lib/gcc/arm-none-eabi/4.9.3/../../../../arm-none-eabi/lib/armv7-m/libcr_c.a(_deferredlazyseek.o)
                              /usr/local/lpcxpresso_8.0.0_526/lpcxpresso/tools/bin/../lib/gcc/arm-none-eabi/4.9.3/../../../../arm-none-eabi/lib/armv7-m/libcr_c.a(__fillbuf.o) (_deferredlazyseek)
/usr/local/lpcxpresso_8.0.0_526/lpcxpresso/tools/bin/../lib/gcc/arm-none-eabi/4.9.3/../../../../arm-none-eabi/lib/armv7-m/libcr_c.a(_fdopen.o)
                              /usr/local/lpcxpresso_8.0.0_526/lpcxpresso/tools/bin/../lib/gcc/arm-none-eabi/4.9.3/../../../../arm-none-eabi/lib/armv7-m/libcr_c.a(initio.o) (_fdopen)
/usr/local/lpcxpresso_8.0.0_526/lpcxpresso/tools/bin/../lib/gcc/arm-none-eabi/4.9.3/../../../../arm-none-eabi/lib/armv7-m/libcr_c.a(_fflush.o)
                              /usr/local/lpcxpresso_8.0.0_526/lpcxpresso/tools/bin/../lib/gcc/arm-none-eabi/4.9.3/../../../../arm-none-eabi/lib/armv7-m/libcr_c.a(__fillbuf.o) (_fflush)
/usr/local/lpcxpresso_8.0.0_526/lpcxpresso/tools/bin/../lib/gcc/arm-none-eabi/4.9.3/../../../../arm-none-eabi/lib/armv7-m/libcr_c.a(_frexpl.o)
                              /usr/local/lpcxpresso_8.0.0_526/lpcxpresso/tools/bin/../lib/gcc/arm-none-eabi/4.9.3/../../../../arm-none-eabi/lib/armv7-m/libcr_c.a(fpprintf.o) (_frexpl)
/usr/local/lpcxpresso_8.0.0_526/lpcxpresso/tools/bin/../lib/gcc/arm-none-eabi/4.9.3/../../../../arm-none-eabi/lib/armv7-m/libcr_c.a(_ldexpl.o)
                              /usr/local/lpcxpresso_8.0.0_526/lpcxpresso/tools/bin/../lib/gcc/arm-none-eabi/4.9.3/../../../../arm-none-eabi/lib/armv7-m/libcr_c.a(fpprintf.o) (_ldexpl)
/usr/local/lpcxpresso_8.0.0_526/lpcxpresso/tools/bin/../lib/gcc/arm-none-eabi/4.9.3/../../../../arm-none-eabi/lib/armv7-m/libcr_c.a(_writebuf.o)
[...]
Memory Configuration

Name             Origin             Length             Attributes
MFlash32         0x00000000         0x00008000         xr
RamLoc8          0x10000000         0x00002000         xrw
*default*        0x00000000         0xffffffff

Linker script and memory map

LOAD ./src/cr_startup_lpc13.o
LOAD ./src/main.o
LOAD ./Modules/cc2520/src/cc2520-mac.o
LOAD ./Modules/cc2520/src/cc2520-task.o
LOAD ./Modules/cc2520/src/cc2520.o
LOAD ./Modules/Board/src/ledpul.o
LOAD ./Modules/Board/src/ssp.o
LOAD /home/pato/Embebidos/Protocolos/protocolos_ws/CMSISv2p00_LPC13xx/Debug/libCMSISv2p00_LPC13xx.a
START GROUP
LOAD /usr/local/lpcxpresso_8.0.0_526/lpcxpresso/tools/bin/../lib/gcc/arm-none-eabi/4.9.3/../../../../arm-none-eabi/lib/armv7-m/libcr_semihost.a
LOAD /usr/local/lpcxpresso_8.0.0_526/lpcxpresso/tools/bin/../lib/gcc/arm-none-eabi/4.9.3/../../../../arm-none-eabi/lib/armv7-m/libcr_c.a
LOAD /usr/local/lpcxpresso_8.0.0_526/lpcxpresso/tools/bin/../lib/gcc/arm-none-eabi/4.9.3/armv7-m/libcr_eabihelpers.a
END GROUP
                0x00000000                __base_MFlash32 = 0x0
                0x00000000                __base_Flash = 0x0
                0x00008000                __top_MFlash32 = 0x8000
                0x00008000                __top_Flash = 0x8000
                0x10000000                __base_RamLoc8 = 0x10000000
                0x10000000                __base_RAM = 0x10000000
                0x10002000                __top_RamLoc8 = 0x10002000
                0x10002000                __top_RAM = 0x10002000

.text           0x00000000     0x3fd0
 FILL mask 0xff
                0x00000000                __vectors_start__ = ABSOLUTE (.)
 *(.isr_vector)
 .isr_vector    0x00000000      0x128 ./src/cr_startup_lpc13.o
                0x00000000                g_pfnVectors
                0x00000128                . = ALIGN (0x4)
                0x00000128                __section_table_start = .
                0x00000128                __data_section_table = .
                0x00000128        0x4 LONG 0x3fd0 LOADADDR (.data)
                0x0000012c        0x4 LONG 0x10000000 ADDR (.data)
                0x00000130        0x4 LONG 0x4 SIZEOF (.data)
                0x00000134                __data_section_table_end = .
                0x00000134                __bss_section_table = .
                0x00000134        0x4 LONG 0x10000008 ADDR (.bss)
                0x00000138        0x4 LONG 0x2d0 SIZEOF (.bss)
                0x0000013c                __bss_section_table_end = .
                0x0000013c                __section_table_end = .
 *(.after_vectors*)
 .after_vectors
                0x0000013c       0x80 ./src/cr_startup_lpc13.o
                0x0000013c                NMI_Handler
                0x0000013e                HardFault_Handler
                0x00000140                MemManage_Handler
                0x00000142                BusFault_Handler
                0x00000144                UsageFault_Handler
                0x00000146                SVC_Handler
                0x00000148                DebugMon_Handler
                0x0000014a                PendSV_Handler
                0x0000014e                TIMER16_0_IRQHandler
                0x0000014e                UART_IRQHandler
                0x0000014e                TIMER32_0_IRQHandler
                0x0000014e                TIMER32_1_IRQHandler
                0x0000014e                IntDefaultHandler
                0x0000014e                PIOINT1_IRQHandler
                0x0000014e                TIMER16_1_IRQHandler
                0x0000014e                USB_FIQHandler
                0x0000014e                ADC_IRQHandler
                0x0000014e                SSP1_IRQHandler
                0x0000014e                PIOINT2_IRQHandler
                0x0000014e                USB_IRQHandler
                0x0000014e                BOD_IRQHandler
                0x0000014e                WAKEUP_IRQHandler
                0x0000014e                PIOINT0_IRQHandler
                0x0000014e                I2C_IRQHandler
                0x0000014e                WDT_IRQHandler
                0x0000014e                PIOINT3_IRQHandler
                0x0000014e                FMC_IRQHandler
                0x00000150                data_init
                0x00000166                bss_init
                0x00000178                ResetISR
                0x000002fc                . = 0x2fc
 *fill*         0x000001bc      0x140 ff
                0x000002fc                PROVIDE (__CRP_WORD_START__, .)
 *(.crp)
 .crp           0x000002fc        0x4 ./src/main.o
                0x000002fc                CRP_WORD
                0x00000300                PROVIDE (__CRP_WORD_END__, .)
                0x00000001                ASSERT (! ((__CRP_WORD_START__ == __CRP_WORD_END__)), Linker CRP Enabled, but no CRP_WORD provided within application)
 *(.text*)
 .text.NVIC_SetPriority
                0x00000300       0x54 ./src/main.o
 .text.SysTick_Config
                0x00000354       0x44 ./src/main.o
 .text.SysTick_Handler
                0x00000398        0xc ./src/main.o
                0x00000398                SysTick_Handler
 .text.main     0x000003a4       0x50 ./src/main.o
                0x000003a4                main
 .text.ccChannelSelect
                0x000003f4       0x48 ./Modules/cc2520/src/cc2520-mac.o
                0x000003f4                ccChannelSelect
 .text.ccSetLocalShortAddr
                0x0000043c       0x24 ./Modules/cc2520/src/cc2520-mac.o
                0x0000043c                ccSetLocalShortAddr
 .text.ccSetLocalPANID
                0x00000460       0x24 ./Modules/cc2520/src/cc2520-mac.o
                0x00000460                ccSetLocalPANID
 .text.ccSetLocalExtAddr
                0x00000484       0x24 ./Modules/cc2520/src/cc2520-mac.o
                0x00000484                ccSetLocalExtAddr
 .text.ccWrapperFCF
                0x000004a8       0xc0 ./Modules/cc2520/src/cc2520-mac.o
                0x000004a8                ccWrapperFCF
 .text.ccTx     0x00000568      0x128 ./Modules/cc2520/src/cc2520-mac.o
                0x00000568                ccTx
 .text.ccFrameTx
                0x00000690      0x214 ./Modules/cc2520/src/cc2520-mac.o
                0x00000690                ccFrameTx
 .text.ccFrameRx
                0x000008a4      0x288 ./Modules/cc2520/src/cc2520-mac.o
                0x000008a4                ccFrameRx
 .text.ccMemCpy
                0x00000b2c       0x3c ./Modules/cc2520/src/cc2520-mac.o
                0x00000b2c                ccMemCpy
 .text.ccFrameForming
                0x00000b68       0x8c ./Modules/cc2520/src/cc2520-task.o
                0x00000b68                ccFrameForming
 .text.ccTask   0x00000bf4       0xbc ./Modules/cc2520/src/cc2520-task.o
                0x00000bf4                ccTask
 .text.ccCmd    0x00000cb0      0x3cc ./Modules/cc2520/src/cc2520.o
                0x00000cb0                ccCmd
 .text.ccRegRd  0x0000107c       0x48 ./Modules/cc2520/src/cc2520.o
                0x0000107c                ccRegRd
 .text.ccRegWr  0x000010c4       0x48 ./Modules/cc2520/src/cc2520.o
                0x000010c4                ccRegWr
 .text.ccConfig
                0x0000110c      0x124 ./Modules/cc2520/src/cc2520.o
                0x0000110c                ccConfig
 .text.ccInit   0x00001230       0xe8 ./Modules/cc2520/src/cc2520.o
                0x00001230                ccInit
 .text.ledCountDown
                0x00001318       0x80 ./Modules/Board/src/ledpul.o
                0x00001318                ledCountDown
 .text.ledFlash
                0x00001398       0x64 ./Modules/Board/src/ledpul.o
                0x00001398                ledFlash
 .text.ledWrite
                0x000013fc       0xe0 ./Modules/Board/src/ledpul.o
                0x000013fc                ledWrite
 .text.ledpulInit
                0x000014dc       0x98 ./Modules/Board/src/ledpul.o
                0x000014dc                ledpulInit
 .text.NVIC_EnableIRQ
                0x00001574       0x30 ./Modules/Board/src/ssp.o
 .text.SSP_IRQHandler
                0x000015a4       0x70 ./Modules/Board/src/ssp.o
                0x000015a4                SSP_IRQHandler
 .text.SSPInit  0x00001614       0xb4 ./Modules/Board/src/ssp.o
                0x00001614                SSPInit
 .text.SSPSendReceive
                0x000016c8       0x6c ./Modules/Board/src/ssp.o
                0x000016c8                SSPSendReceive
 .text.SystemInit
                0x00001734       0xac /home/pato/Embebidos/Protocolos/protocolos_ws/CMSISv2p00_LPC13xx/Debug/libCMSISv2p00_LPC13xx.a(system_LPC13xx.o)
                0x00001734                SystemInit
 .text.__main   0x000017e0       0x14 /usr/local/lpcxpresso_8.0.0_526/lpcxpresso/tools/bin/../lib/gcc/arm-none-eabi/4.9.3/../../../../arm-none-eabi/lib/armv7-m/libcr_semihost.a(_cr__main.o)
                0x000017e0                __main
                0x000017e0                __CR_SEMIHOST
 .text.fp_round
                0x000017f4       0x4a /usr/local/lpcxpresso_8.0.0_526/lpcxpresso/tools/bin/../lib/gcc/arm-none-eabi/4.9.3/../../../../arm-none-eabi/lib/armv7-m/libcr_c.a(fpprintf.o)
 .text.pr_dec.constprop.1
                0x0000183e       0x26 /usr/local/lpcxpresso_8.0.0_526/lpcxpresso/tools/bin/../lib/gcc/arm-none-eabi/4.9.3/../../../../arm-none-eabi/lib/armv7-m/libcr_c.a(fpprintf.o)
 .text.sprintf  0x00001864       0x6c /usr/local/lpcxpresso_8.0.0_526/lpcxpresso/tools/bin/../lib/gcc/arm-none-eabi/4.9.3/../../../../arm-none-eabi/lib/armv7-m/libcr_c.a(fpprintf.o)
                0x00001864                sprintf
 .text.fp_display
                0x000018d0      0x900 /usr/local/lpcxpresso_8.0.0_526/lpcxpresso/tools/bin/../lib/gcc/arm-none-eabi/4.9.3/../../../../arm-none-eabi/lib/armv7-m/libcr_c.a(fpprintf.o)
 .text._initio  0x000021d0       0xa4 /usr/local/lpcxpresso_8.0.0_526/lpcxpresso/tools/bin/../lib/gcc/arm-none-eabi/4.9.3/../../../../arm-none-eabi/lib/armv7-m/libcr_c.a(initio.o)
                0x000021d0                _initio
 .text.__vfprintf
                0x00002274      0xcc0 /usr/local/lpcxpresso_8.0.0_526/lpcxpresso/tools/bin/../lib/gcc/arm-none-eabi/4.9.3/../../../../arm-none-eabi/lib/armv7-m/libcr_c.a(printf.o)
                0x00002274                __vfprintf
 .text.setvbuf  0x00002f34       0x40 /usr/local/lpcxpresso_8.0.0_526/lpcxpresso/tools/bin/../lib/gcc/arm-none-eabi/4.9.3/../../../../arm-none-eabi/lib/armv7-m/libcr_c.a(setvbuf.o)
                0x00002f34                setvbuf
 .text.strlen   0x00002f74       0x4a /usr/local/lpcxpresso_8.0.0_526/lpcxpresso/tools/bin/../lib/gcc/arm-none-eabi/4.9.3/../../../../arm-none-eabi/lib/armv7-m/libcr_c.a(strlen.o)
                0x00002f74                strlen
 .text.strncmp  0x00002fbe       0x56 /usr/local/lpcxpresso_8.0.0_526/lpcxpresso/tools/bin/../lib/gcc/arm-none-eabi/4.9.3/../../../../arm-none-eabi/lib/armv7-m/libcr_c.a(strncmp.o)
                0x00002fbe                strncmp
 .text.memset   0x00003014        0x4 /usr/local/lpcxpresso_8.0.0_526/lpcxpresso/tools/bin/../lib/gcc/arm-none-eabi/4.9.3/../../../../arm-none-eabi/lib/armv7-m/libcr_c.a(memset.o)
                0x00003014                memset
 .text._deferredlazyseek
                0x00003018       0x44 /usr/local/lpcxpresso_8.0.0_526/lpcxpresso/tools/bin/../lib/gcc/arm-none-eabi/4.9.3/../../../../arm-none-eabi/lib/armv7-m/libcr_c.a(_deferredlazyseek.o)
                0x00003018                _deferredlazyseek
 .text.__flsbuf
                0x0000305c      0x142 /usr/local/lpcxpresso_8.0.0_526/lpcxpresso/tools/bin/../lib/gcc/arm-none-eabi/4.9.3/../../../../arm-none-eabi/lib/armv7-m/libcr_c.a(_deferredlazyseek.o)
                0x0000305c                __flsbuf
 .text._fdopen  0x0000319e       0x6a /usr/local/lpcxpresso_8.0.0_526/lpcxpresso/tools/bin/../lib/gcc/arm-none-eabi/4.9.3/../../../../arm-none-eabi/lib/armv7-m/libcr_c.a(_fdopen.o)
                0x0000319e                _fdopen
 .text._fflush  0x00003208       0x58 /usr/local/lpcxpresso_8.0.0_526/lpcxpresso/tools/bin/../lib/gcc/arm-none-eabi/4.9.3/../../../../arm-none-eabi/lib/armv7-m/libcr_c.a(_fflush.o)
                0x00003208                _fflush
 .text._frexpl  0x00003260       0x5a /usr/local/lpcxpresso_8.0.0_526/lpcxpresso/tools/bin/../lib/gcc/arm-none-eabi/4.9.3/../../../../arm-none-eabi/lib/armv7-m/libcr_c.a(_frexpl.o)
                0x00003260                _frexpl
 *fill*         0x000032ba        0x2 
 .text._ldexpl  0x000032bc       0x4c /usr/local/lpcxpresso_8.0.0_526/lpcxpresso/tools/bin/../lib/gcc/arm-none-eabi/4.9.3/../../../../arm-none-eabi/lib/armv7-m/libcr_c.a(_ldexpl.o)
                0x000032bc                _ldexpl
 .text._Cwritebuf
                0x00003308       0x68 /usr/local/lpcxpresso_8.0.0_526/lpcxpresso/tools/bin/../lib/gcc/arm-none-eabi/4.9.3/../../../../arm-none-eabi/lib/armv7-m/libcr_c.a(_writebuf.o)
                0x00003308                _Cwritebuf
 .text.malloc   0x00003370       0xcc /usr/local/lpcxpresso_8.0.0_526/lpcxpresso/tools/bin/../lib/gcc/arm-none-eabi/4.9.3/../../../../arm-none-eabi/lib/armv7-m/libcr_c.a(alloc.o)
                0x00003370                malloc
 .text.free     0x0000343c       0x30 /usr/local/lpcxpresso_8.0.0_526/lpcxpresso/tools/bin/../lib/gcc/arm-none-eabi/4.9.3/../../../../arm-none-eabi/lib/armv7-m/libcr_c.a(alloc.o)
                0x0000343c                free
 .text._Csys_alloc
                0x0000346c       0x20 /usr/local/lpcxpresso_8.0.0_526/lpcxpresso/tools/bin/../lib/gcc/arm-none-eabi/4.9.3/../../../../arm-none-eabi/lib/armv7-m/libcr_c.a(alloc.o)
                0x0000346c                _Csys_alloc
 .text.fclose   0x0000348c       0x6c /usr/local/lpcxpresso_8.0.0_526/lpcxpresso/tools/bin/../lib/gcc/arm-none-eabi/4.9.3/../../../../arm-none-eabi/lib/armv7-m/libcr_c.a(fclose.o)
                0x0000348c                fclose
 .text.fflush   0x000034f8       0x30 /usr/local/lpcxpresso_8.0.0_526/lpcxpresso/tools/bin/../lib/gcc/arm-none-eabi/4.9.3/../../../../arm-none-eabi/lib/armv7-m/libcr_c.a(fflush.o)
                0x000034f8                fflush
 .text.fseek    0x00003528      0x110 /usr/local/lpcxpresso_8.0.0_526/lpcxpresso/tools/bin/../lib/gcc/arm-none-eabi/4.9.3/../../../../arm-none-eabi/lib/armv7-m/libcr_c.a(fseek.o)
                0x00003528                fseek
 .text.ftell    0x00003638       0x4c /usr/local/lpcxpresso_8.0.0_526/lpcxpresso/tools/bin/../lib/gcc/arm-none-eabi/4.9.3/../../../../arm-none-eabi/lib/armv7-m/libcr_c.a(ftell.o)
                0x00003638                ftell
 .text.remove   0x00003684       0x14 /usr/local/lpcxpresso_8.0.0_526/lpcxpresso/tools/bin/../lib/gcc/arm-none-eabi/4.9.3/../../../../arm-none-eabi/lib/armv7-m/libcr_c.a(remove.o)
                0x00003684                remove
 .text._sbrk    0x00003698       0x40 /usr/local/lpcxpresso_8.0.0_526/lpcxpresso/tools/bin/../lib/gcc/arm-none-eabi/4.9.3/../../../../arm-none-eabi/lib/armv7-m/libcr_c.a(_cr_sbrk.o)
                0x00003698                _sbrk
 .text._do_fflush
                0x000036d8       0x44 /usr/local/lpcxpresso_8.0.0_526/lpcxpresso/tools/bin/../lib/gcc/arm-none-eabi/4.9.3/../../../../arm-none-eabi/lib/armv7-m/libcr_c.a(_do_fflush.o)
                0x000036d8                _do_fflush
 .text.__check_heap_overflow
                0x0000371c       0x18 /usr/local/lpcxpresso_8.0.0_526/lpcxpresso/tools/bin/../lib/gcc/arm-none-eabi/4.9.3/../../../../arm-none-eabi/lib/armv7-m/libcr_c.a(_cr_check_heap.o)
                0x0000371c                __check_heap_overflow
 .text.__aeabi_dmul
                0x00003734      0x120 /usr/local/lpcxpresso_8.0.0_526/lpcxpresso/tools/bin/../lib/gcc/arm-none-eabi/4.9.3/armv7-m/libcr_eabihelpers.a(double.o)
                0x00003734                __aeabi_dmul
 .text.__aeabi_ddiv
                0x00003854      0x150 /usr/local/lpcxpresso_8.0.0_526/lpcxpresso/tools/bin/../lib/gcc/arm-none-eabi/4.9.3/armv7-m/libcr_eabihelpers.a(double.o)
                0x00003854                __aeabi_ddiv
 .text.__aeabi_dsub
                0x000039a4      0x1d8 /usr/local/lpcxpresso_8.0.0_526/lpcxpresso/tools/bin/../lib/gcc/arm-none-eabi/4.9.3/armv7-m/libcr_eabihelpers.a(double.o)
                0x000039a4                __aeabi_dsub
 .text.__aeabi_dadd
                0x00003b7c      0x134 /usr/local/lpcxpresso_8.0.0_526/lpcxpresso/tools/bin/../lib/gcc/arm-none-eabi/4.9.3/armv7-m/libcr_eabihelpers.a(double.o)
                0x00003b7c                __aeabi_dadd
 .text.__aeabi_d2iz
                0x00003cb0       0x40 /usr/local/lpcxpresso_8.0.0_526/lpcxpresso/tools/bin/../lib/gcc/arm-none-eabi/4.9.3/armv7-m/libcr_eabihelpers.a(double.o)
                0x00003cb0                __aeabi_d2iz
 .text.__bhs_ui2d
                0x00003cf0       0x48 /usr/local/lpcxpresso_8.0.0_526/lpcxpresso/tools/bin/../lib/gcc/arm-none-eabi/4.9.3/armv7-m/libcr_eabihelpers.a(double.o)
                0x00003cf0                __bhs_ui2d
 .text.__aeabi_i2d
                0x00003d38       0x14 /usr/local/lpcxpresso_8.0.0_526/lpcxpresso/tools/bin/../lib/gcc/arm-none-eabi/4.9.3/armv7-m/libcr_eabihelpers.a(double.o)
                0x00003d38                __aeabi_i2d
 .text.__aeabi_dcmpeq
                0x00003d4c       0x2c /usr/local/lpcxpresso_8.0.0_526/lpcxpresso/tools/bin/../lib/gcc/arm-none-eabi/4.9.3/armv7-m/libcr_eabihelpers.a(double.o)
                0x00003d4c                __aeabi_dcmpeq
 .text.__aeabi_dcmplt
                0x00003d78       0x5c /usr/local/lpcxpresso_8.0.0_526/lpcxpresso/tools/bin/../lib/gcc/arm-none-eabi/4.9.3/armv7-m/libcr_eabihelpers.a(double.o)
                0x00003d78                __aeabi_dcmplt
 .text.__aeabi_dcmple
                0x00003dd4       0x5c /usr/local/lpcxpresso_8.0.0_526/lpcxpresso/tools/bin/../lib/gcc/arm-none-eabi/4.9.3/armv7-m/libcr_eabihelpers.a(double.o)
                0x00003dd4                __aeabi_dcmple
 .text.__aeabi_dcmpge
                0x00003e30       0x5c /usr/local/lpcxpresso_8.0.0_526/lpcxpresso/tools/bin/../lib/gcc/arm-none-eabi/4.9.3/armv7-m/libcr_eabihelpers.a(double.o)
                0x00003e30                __aeabi_dcmpge
 .text.__aeabi_memset_lowlevel
                0x00003e8c       0x32 /usr/local/lpcxpresso_8.0.0_526/lpcxpresso/tools/bin/../lib/gcc/arm-none-eabi/4.9.3/armv7-m/libcr_eabihelpers.a(memcpy.o)
                0x00003e8c                __aeabi_lowlevel_memset
 *fill*         0x00003ebe        0x2 
 .text.__sys_appexit
                0x00003ec0        0xc /usr/local/lpcxpresso_8.0.0_526/lpcxpresso/tools/bin/../lib/gcc/arm-none-eabi/4.9.3/../../../../arm-none-eabi/lib/armv7-m/libcr_semihost.a(__sys_appexit.o)
                0x00003ec0                __exit
                0x00003ec0                __sys_appexit
 .text.__sys_close
                0x00003ecc        0xc /usr/local/lpcxpresso_8.0.0_526/lpcxpresso/tools/bin/../lib/gcc/arm-none-eabi/4.9.3/../../../../arm-none-eabi/lib/armv7-m/libcr_semihost.a(__sys_close.o)
                0x00003ecc                __sys_close
 .text.__sys_flen
                0x00003ed8        0xc /usr/local/lpcxpresso_8.0.0_526/lpcxpresso/tools/bin/../lib/gcc/arm-none-eabi/4.9.3/../../../../arm-none-eabi/lib/armv7-m/libcr_semihost.a(__sys_flen.o)
                0x00003ed8                __sys_flen
 .text.__sys_istty
                0x00003ee4        0xc /usr/local/lpcxpresso_8.0.0_526/lpcxpresso/tools/bin/../lib/gcc/arm-none-eabi/4.9.3/../../../../arm-none-eabi/lib/armv7-m/libcr_semihost.a(__sys_istty.o)
                0x00003ee4                __sys_istty
 .text.__sys_remove
                0x00003ef0        0xc /usr/local/lpcxpresso_8.0.0_526/lpcxpresso/tools/bin/../lib/gcc/arm-none-eabi/4.9.3/../../../../arm-none-eabi/lib/armv7-m/libcr_semihost.a(__sys_remove.o)
                0x00003ef0                __sys_remove
 .text.__sys_seek
                0x00003efc        0xc /usr/local/lpcxpresso_8.0.0_526/lpcxpresso/tools/bin/../lib/gcc/arm-none-eabi/4.9.3/../../../../arm-none-eabi/lib/armv7-m/libcr_semihost.a(__sys_seek.o)
                0x00003efc                __sys_seek
 .text.__sys_tmpnam
                0x00003f08        0xc /usr/local/lpcxpresso_8.0.0_526/lpcxpresso/tools/bin/../lib/gcc/arm-none-eabi/4.9.3/../../../../arm-none-eabi/lib/armv7-m/libcr_semihost.a(__sys_tmpnam.o)
                0x00003f08                __sys_tmpnam
 .text.__sys_write
                0x00003f14        0xc /usr/local/lpcxpresso_8.0.0_526/lpcxpresso/tools/bin/../lib/gcc/arm-none-eabi/4.9.3/../../../../arm-none-eabi/lib/armv7-m/libcr_semihost.a(__sys_write.o)
                0x00003f14                __write
                0x00003f14                __sys_write
 *(.rodata .rodata.* .constdata .constdata.*)
 .rodata        0x00003f20       0x20 ./Modules/cc2520/src/cc2520-task.o
 .rodata.str1.1
                0x00003f40       0x34 /usr/local/lpcxpresso_8.0.0_526/lpcxpresso/tools/bin/../lib/gcc/arm-none-eabi/4.9.3/../../../../arm-none-eabi/lib/armv7-m/libcr_c.a(fpprintf.o)
                                 0x35 (size before relaxing)
 .rodata.str1.1
                0x00003f74        0x4 /usr/local/lpcxpresso_8.0.0_526/lpcxpresso/tools/bin/../lib/gcc/arm-none-eabi/4.9.3/../../../../arm-none-eabi/lib/armv7-m/libcr_c.a(initio.o)
 .rodata.str1.1
                0x00003f78       0x31 /usr/local/lpcxpresso_8.0.0_526/lpcxpresso/tools/bin/../lib/gcc/arm-none-eabi/4.9.3/../../../../arm-none-eabi/lib/armv7-m/libcr_c.a(printf.o)
                                 0x38 (size before relaxing)
 .rodata.str1.1
                0x00003fa9       0x18 /usr/local/lpcxpresso_8.0.0_526/lpcxpresso/tools/bin/../lib/gcc/arm-none-eabi/4.9.3/../../../../arm-none-eabi/lib/armv7-m/libcr_c.a(alloc.o)
 *fill*         0x00003fc1        0x7 
 .rodata.__huge_vall
                0x00003fc8        0x8 /usr/local/lpcxpresso_8.0.0_526/lpcxpresso/tools/bin/../lib/gcc/arm-none-eabi/4.9.3/../../../../arm-none-eabi/lib/armv7-m/libcr_c.a(_hugeval.o)
                0x00003fc8                __huge_vall
                0x00003fd0                . = ALIGN (0x4)

.glue_7         0x00003fd0        0x0
 .glue_7        0x00000000        0x0 linker stubs

.glue_7t        0x00003fd0        0x0
 .glue_7t       0x00000000        0x0 linker stubs

.vfp11_veneer   0x00003fd0        0x0
 .vfp11_veneer  0x00000000        0x0 linker stubs

.v4_bx          0x00003fd0        0x0
 .v4_bx         0x00000000        0x0 linker stubs

.iplt           0x00003fd0        0x0
 .iplt          0x00000000        0x0 ./src/cr_startup_lpc13.o

.rel.dyn        0x00003fd0        0x0
 .rel.iplt      0x00000000        0x0 ./src/cr_startup_lpc13.o

.ARM.extab
 *(.ARM.extab* .gnu.linkonce.armextab.*)
                0x00003fd0                __exidx_start = .

.ARM.exidx
 *(.ARM.exidx* .gnu.linkonce.armexidx.*)
                0x00003fd0                __exidx_end = .
                0x00003fd0                _etext = .

.uninit_RESERVED
                0x10000000        0x0
 *(.bss.$RESERVED*)
                0x10000000                . = ALIGN (0x4)
                0x10000000                _end_uninit_RESERVED = .

.data           0x10000000        0x4 load address 0x00003fd0
 FILL mask 0xff
                0x10000000                _data = .
 *(vtable)
 *(.ramfunc*)
 *(.data*)
 .data.SystemCoreClock
                0x10000000        0x4 /home/pato/Embebidos/Protocolos/protocolos_ws/CMSISv2p00_LPC13xx/Debug/libCMSISv2p00_LPC13xx.a(system_LPC13xx.o)
                0x10000000                SystemCoreClock
                0x10000004                . = ALIGN (0x4)
                0x10000004                _edata = .

.igot.plt       0x10000004        0x0 load address 0x00003fd4
 .igot.plt      0x00000000        0x0 ./src/cr_startup_lpc13.o

.bss            0x10000008      0x2d0 load address 0x00003fd4
                0x10000008                _bss = .
 *(.bss*)
 .bss.curr_state
                0x10000008        0x1 ./Modules/cc2520/src/cc2520-task.o
                0x10000008                curr_state
 *fill*         0x10000009        0x3 
 .bss.interruptRxStat
                0x1000000c        0x4 ./Modules/Board/src/ssp.o
                0x1000000c                interruptRxStat
 .bss.interruptOverRunStat
                0x10000010        0x4 ./Modules/Board/src/ssp.o
                0x10000010                interruptOverRunStat
 .bss.interruptRxTimeoutStat
                0x10000014        0x4 ./Modules/Board/src/ssp.o
                0x10000014                interruptRxTimeoutStat
 .bss.errno     0x10000018        0x4 /usr/local/lpcxpresso_8.0.0_526/lpcxpresso/tools/bin/../lib/gcc/arm-none-eabi/4.9.3/../../../../arm-none-eabi/lib/armv7-m/libcr_c.a(errno.o)
                0x10000018                errno
 *(COMMON)
 *fill*         0x1000001c        0x4 
 COMMON         0x10000020       0x60 ./src/main.o
                0x10000020                rx
                0x10000050                tx
 COMMON         0x10000080      0x100 ./Modules/cc2520/src/cc2520-mac.o
                0x10000080                rxbuf
                0x10000100                txbuf
 COMMON         0x10000180        0xb ./Modules/Board/src/ledpul.o
                0x10000180                contled0
                0x10000184                contled1
                0x10000188                countLed2
                0x10000189                countLed0
                0x1000018a                countLed1
 *fill*         0x1000018b        0x1 
 COMMON         0x1000018c        0x4 /usr/local/lpcxpresso_8.0.0_526/lpcxpresso/tools/bin/../lib/gcc/arm-none-eabi/4.9.3/../../../../arm-none-eabi/lib/armv7-m/libcr_c.a(initio.o)
                0x1000018c                _extra
 COMMON         0x10000190      0x140 /usr/local/lpcxpresso_8.0.0_526/lpcxpresso/tools/bin/../lib/gcc/arm-none-eabi/4.9.3/../../../../arm-none-eabi/lib/armv7-m/libcr_c.a(stdio.o)
                0x10000190                __Ciob
 COMMON         0x100002d0        0x8 /usr/local/lpcxpresso_8.0.0_526/lpcxpresso/tools/bin/../lib/gcc/arm-none-eabi/4.9.3/../../../../arm-none-eabi/lib/armv7-m/libcr_c.a(__init_alloc.o)
                0x100002d0                __heaps
                0x100002d4                __end_of_heap
                0x100002d8                . = ALIGN (0x4)
                0x100002d8                _ebss = .
                0x100002d8                PROVIDE (end, .)

.noinit         0x100002d8        0x0 load address 0x00003fd4
                0x100002d8                _noinit = .
 *(.noinit*)
                0x100002d8                . = ALIGN (0x4)
                0x100002d8                _end_noinit = .
                0x100002d8                PROVIDE (_pvHeapStart, DEFINED (__user_heap_base)?__user_heap_base:.)
                0x10002000                PROVIDE (_vStackTop, DEFINED (__user_stack_top)?__user_stack_top:(__top_RamLoc8 - 0x0))
                0xefffd842                PROVIDE (__valid_user_code_checksum, (0x0 - ((((((_vStackTop + (ResetISR + 0x1)) + (NMI_Handler + 0x1)) + (HardFault_Handler + 0x1)) + (DEFINED (MemManage_Handler)?MemManage_Handler:0x0 + 0x1)) + (DEFINED (BusFault_Handler)?BusFault_Handler:0x0 + 0x1)) + (DEFINED (UsageFault_Handler)?UsageFault_Handler:0x0 + 0x1))))
OUTPUT(Actividad2_Plantilla.axf elf32-littlearm)

.debug_info     0x00000000     0x31dd
 .debug_info    0x00000000      0x2dd ./src/cr_startup_lpc13.o
 .debug_info    0x000002dd      0x742 ./src/main.o
 .debug_info    0x00000a1f      0x66e ./Modules/cc2520/src/cc2520-mac.o
 .debug_info    0x0000108d      0x31b ./Modules/cc2520/src/cc2520-task.o
 .debug_info    0x000013a8      0x7f7 ./Modules/cc2520/src/cc2520.o
 .debug_info    0x00001b9f      0x3fa ./Modules/Board/src/ledpul.o
 .debug_info    0x00001f99      0xd52 ./Modules/Board/src/ssp.o
 .debug_info    0x00002ceb      0x4f2 /home/pato/Embebidos/Protocolos/protocolos_ws/CMSISv2p00_LPC13xx/Debug/libCMSISv2p00_LPC13xx.a(system_LPC13xx.o)

.debug_abbrev   0x00000000      0xd47
 .debug_abbrev  0x00000000      0x13f ./src/cr_startup_lpc13.o
 .debug_abbrev  0x0000013f      0x1fd ./src/main.o
 .debug_abbrev  0x0000033c      0x1b9 ./Modules/cc2520/src/cc2520-mac.o
 .debug_abbrev  0x000004f5      0x145 ./Modules/cc2520/src/cc2520-task.o
 .debug_abbrev  0x0000063a      0x1df ./Modules/cc2520/src/cc2520.o
 .debug_abbrev  0x00000819      0x1e1 ./Modules/Board/src/ledpul.o
 .debug_abbrev  0x000009fa      0x22d ./Modules/Board/src/ssp.o
 .debug_abbrev  0x00000c27      0x120 /home/pato/Embebidos/Protocolos/protocolos_ws/CMSISv2p00_LPC13xx/Debug/libCMSISv2p00_LPC13xx.a(system_LPC13xx.o)

.debug_loc      0x00000000      0x242
 .debug_loc     0x00000000      0x1be ./src/cr_startup_lpc13.o
 .debug_loc     0x000001be       0x84 /home/pato/Embebidos/Protocolos/protocolos_ws/CMSISv2p00_LPC13xx/Debug/libCMSISv2p00_LPC13xx.a(system_LPC13xx.o)

.debug_aranges  0x00000000      0x258
 .debug_aranges
                0x00000000       0x80 ./src/cr_startup_lpc13.o
 .debug_aranges
                0x00000080       0x38 ./src/main.o
 .debug_aranges
                0x000000b8       0x98 ./Modules/cc2520/src/cc2520-mac.o
 .debug_aranges
                0x00000150       0x28 ./Modules/cc2520/src/cc2520-task.o
 .debug_aranges
                0x00000178       0x40 ./Modules/cc2520/src/cc2520.o
 .debug_aranges
                0x000001b8       0x40 ./Modules/Board/src/ledpul.o
 .debug_aranges
                0x000001f8       0x38 ./Modules/Board/src/ssp.o
 .debug_aranges
                0x00000230       0x28 /home/pato/Embebidos/Protocolos/protocolos_ws/CMSISv2p00_LPC13xx/Debug/libCMSISv2p00_LPC13xx.a(system_LPC13xx.o)

.debug_ranges   0x00000000      0x1d8
 .debug_ranges  0x00000000       0x70 ./src/cr_startup_lpc13.o
 .debug_ranges  0x00000070       0x28 ./src/main.o
 .debug_ranges  0x00000098       0x88 ./Modules/cc2520/src/cc2520-mac.o
 .debug_ranges  0x00000120       0x18 ./Modules/cc2520/src/cc2520-task.o
 .debug_ranges  0x00000138       0x30 ./Modules/cc2520/src/cc2520.o
 .debug_ranges  0x00000168       0x30 ./Modules/Board/src/ledpul.o
 .debug_ranges  0x00000198       0x28 ./Modules/Board/src/ssp.o
 .debug_ranges  0x000001c0       0x18 /home/pato/Embebidos/Protocolos/protocolos_ws/CMSISv2p00_LPC13xx/Debug/libCMSISv2p00_LPC13xx.a(system_LPC13xx.o)

.debug_macro    0x00000000     0x3abf
 .debug_macro   0x00000000       0x81 ./src/cr_startup_lpc13.o
 .debug_macro   0x00000081      0x880 ./src/cr_startup_lpc13.o
 .debug_macro   0x00000901       0x1c ./src/cr_startup_lpc13.o
 .debug_macro   0x0000091d       0x2e ./src/cr_startup_lpc13.o
 .debug_macro   0x0000094b       0x10 ./src/cr_startup_lpc13.o
 .debug_macro   0x0000095b      0x12d ./src/cr_startup_lpc13.o
 .debug_macro   0x00000a88      0x5b2 ./src/cr_startup_lpc13.o
 .debug_macro   0x0000103a       0x18 ./src/cr_startup_lpc13.o
 .debug_macro   0x00001052      0x7af ./src/cr_startup_lpc13.o
 .debug_macro   0x00001801      0x131 ./src/cr_startup_lpc13.o
 .debug_macro   0x00001932       0xef ./src/main.o
 .debug_macro   0x00001a21      0x87a ./src/main.o
 .debug_macro   0x0000229b       0x82 ./src/main.o
 .debug_macro   0x0000231d       0x34 ./src/main.o
 .debug_macro   0x00002351       0xa0 ./src/main.o
 .debug_macro   0x000023f1       0xb8 ./src/main.o
 .debug_macro   0x000024a9      0x738 ./src/main.o
 .debug_macro   0x00002be1       0x28 ./src/main.o
 .debug_macro   0x00002c09       0x22 ./src/main.o
 .debug_macro   0x00002c2b       0x2e ./src/main.o
 .debug_macro   0x00002c59       0xef ./Modules/cc2520/src/cc2520-mac.o
 .debug_macro   0x00002d48       0xef ./Modules/cc2520/src/cc2520-task.o
 .debug_macro   0x00002e37       0xef ./Modules/cc2520/src/cc2520.o
 .debug_macro   0x00002f26       0xef ./Modules/Board/src/ledpul.o
 .debug_macro   0x00003015       0xef ./Modules/Board/src/ssp.o
 .debug_macro   0x00003104      0x147 /home/pato/Embebidos/Protocolos/protocolos_ws/CMSISv2p00_LPC13xx/Debug/libCMSISv2p00_LPC13xx.a(system_LPC13xx.o)
 .debug_macro   0x0000324b      0x874 /home/pato/Embebidos/Protocolos/protocolos_ws/CMSISv2p00_LPC13xx/Debug/libCMSISv2p00_LPC13xx.a(system_LPC13xx.o)

.debug_line     0x00000000     0x1f1b
 .debug_line    0x00000000      0x21a ./src/cr_startup_lpc13.o
 .debug_line    0x0000021a      0x3fd ./src/main.o
 .debug_line    0x00000617      0x5be ./Modules/cc2520/src/cc2520-mac.o
 .debug_line    0x00000bd5      0x3ec ./Modules/cc2520/src/cc2520-task.o
 .debug_line    0x00000fc1      0x508 ./Modules/cc2520/src/cc2520.o
 .debug_line    0x000014c9      0x447 ./Modules/Board/src/ledpul.o
 .debug_line    0x00001910      0x439 ./Modules/Board/src/ssp.o
 .debug_line    0x00001d49      0x1d2 /home/pato/Embebidos/Protocolos/protocolos_ws/CMSISv2p00_LPC13xx/Debug/libCMSISv2p00_LPC13xx.a(system_LPC13xx.o)

.debug_str      0x00000000     0xa943
 .debug_str     0x00000000     0x7414 ./src/cr_startup_lpc13.o
                               0x749b (size before relaxing)
 .debug_str     0x00007414     0x26cb ./src/main.o
                               0x9925 (size before relaxing)
 .debug_str     0x00009adf      0x2fc ./Modules/cc2520/src/cc2520-mac.o
                               0x975d (size before relaxing)
 .debug_str     0x00009ddb       0xbb ./Modules/cc2520/src/cc2520-task.o
                               0x962d (size before relaxing)
 .debug_str     0x00009e96      0x25a ./Modules/cc2520/src/cc2520.o
                               0x96e3 (size before relaxing)
 .debug_str     0x0000a0f0       0x83 ./Modules/Board/src/ledpul.o
                               0x9522 (size before relaxing)
 .debug_str     0x0000a173      0x357 ./Modules/Board/src/ssp.o
                               0x9d9f (size before relaxing)
 .debug_str     0x0000a4ca      0x479 /home/pato/Embebidos/Protocolos/protocolos_ws/CMSISv2p00_LPC13xx/Debug/libCMSISv2p00_LPC13xx.a(system_LPC13xx.o)
                               0x78fc (size before relaxing)

.comment        0x00000000       0xe0
 .comment       0x00000000       0x70 ./src/cr_startup_lpc13.o
                                 0x71 (size before relaxing)
 .comment       0x00000000       0x71 ./src/main.o
 .comment       0x00000000       0x71 ./Modules/cc2520/src/cc2520-mac.o
 .comment       0x00000000       0x71 ./Modules/cc2520/src/cc2520-task.o
 .comment       0x00000000       0x71 ./Modules/cc2520/src/cc2520.o
 .comment       0x00000000       0x71 ./Modules/Board/src/ledpul.o
 .comment       0x00000000       0x71 ./Modules/Board/src/ssp.o
 .comment       0x00000000       0x71 /home/pato/Embebidos/Protocolos/protocolos_ws/CMSISv2p00_LPC13xx/Debug/libCMSISv2p00_LPC13xx.a(system_LPC13xx.o)
 .comment       0x00000070       0x70 /usr/local/lpcxpresso_8.0.0_526/lpcxpresso/tools/bin/../lib/gcc/arm-none-eabi/4.9.3/../../../../arm-none-eabi/lib/armv7-m/libcr_semihost.a(_cr__main.o)
                                 0x71 (size before relaxing)
 .comment       0x00000000       0x71 /usr/local/lpcxpresso_8.0.0_526/lpcxpresso/tools/bin/../lib/gcc/arm-none-eabi/4.9.3/../../../../arm-none-eabi/lib/armv7-m/libcr_c.a(fpprintf.o)
 .comment       0x00000000       0x71 /usr/local/lpcxpresso_8.0.0_526/lpcxpresso/tools/bin/../lib/gcc/arm-none-eabi/4.9.3/../../../../arm-none-eabi/lib/armv7-m/libcr_c.a(initio.o)
 .comment       0x00000000       0x71 /usr/local/lpcxpresso_8.0.0_526/lpcxpresso/tools/bin/../lib/gcc/arm-none-eabi/4.9.3/../../../../arm-none-eabi/lib/armv7-m/libcr_c.a(printf.o)
 .comment       0x00000000       0x71 /usr/local/lpcxpresso_8.0.0_526/lpcxpresso/tools/bin/../lib/gcc/arm-none-eabi/4.9.3/../../../../arm-none-eabi/lib/armv7-m/libcr_c.a(setvbuf.o)
 .comment       0x00000000       0x71 /usr/local/lpcxpresso_8.0.0_526/lpcxpresso/tools/bin/../lib/gcc/arm-none-eabi/4.9.3/../../../../arm-none-eabi/lib/armv7-m/libcr_c.a(stdio.o)
 .comment       0x00000000       0x71 /usr/local/lpcxpresso_8.0.0_526/lpcxpresso/tools/bin/../lib/gcc/arm-none-eabi/4.9.3/../../../../arm-none-eabi/lib/armv7-m/libcr_c.a(strlen.o)
 .comment       0x00000000       0x71 /usr/local/lpcxpresso_8.0.0_526/lpcxpresso/tools/bin/../lib/gcc/arm-none-eabi/4.9.3/../../../../arm-none-eabi/lib/armv7-m/libcr_c.a(strncmp.o)
 .comment       0x00000000       0x71 /usr/local/lpcxpresso_8.0.0_526/lpcxpresso/tools/bin/../lib/gcc/arm-none-eabi/4.9.3/../../../../arm-none-eabi/lib/armv7-m/libcr_c.a(memset.o)
 .comment       0x00000000       0x71 /usr/local/lpcxpresso_8.0.0_526/lpcxpresso/tools/bin/../lib/gcc/arm-none-eabi/4.9.3/../../../../arm-none-eabi/lib/armv7-m/libcr_c.a(_deferredlazyseek.o)
 .comment       0x00000000       0x71 /usr/local/lpcxpresso_8.0.0_526/lpcxpresso/tools/bin/../lib/gcc/arm-none-eabi/4.9.3/../../../../arm-none-eabi/lib/armv7-m/libcr_c.a(_fdopen.o)
 .comment       0x00000000       0x71 /usr/local/lpcxpresso_8.0.0_526/lpcxpresso/tools/bin/../lib/gcc/arm-none-eabi/4.9.3/../../../../arm-none-eabi/lib/armv7-m/libcr_c.a(_fflush.o)
 .comment       0x00000000       0x71 /usr/local/lpcxpresso_8.0.0_526/lpcxpresso/tools/bin/../lib/gcc/arm-none-eabi/4.9.3/../../../../arm-none-eabi/lib/armv7-m/libcr_c.a(_frexpl.o)
 .comment       0x00000000       0x71 /usr/local/lpcxpresso_8.0.0_526/lpcxpresso/tools/bin/../lib/gcc/arm-none-eabi/4.9.3/../../../../arm-none-eabi/lib/armv7-m/libcr_c.a(_ldexpl.o)
 .comment       0x00000000       0x71 /usr/local/lpcxpresso_8.0.0_526/lpcxpresso/tools/bin/../lib/gcc/arm-none-eabi/4.9.3/../../../../arm-none-eabi/lib/armv7-m/libcr_c.a(_writebuf.o)
 .comment       0x00000000       0x71 /usr/local/lpcxpresso_8.0.0_526/lpcxpresso/tools/bin/../lib/gcc/arm-none-eabi/4.9.3/../../../../arm-none-eabi/lib/armv7-m/libcr_c.a(alloc.o)
 .comment       0x00000000       0x71 /usr/local/lpcxpresso_8.0.0_526/lpcxpresso/tools/bin/../lib/gcc/arm-none-eabi/4.9.3/../../../../arm-none-eabi/lib/armv7-m/libcr_c.a(errno.o)
 .comment       0x00000000       0x71 /usr/local/lpcxpresso_8.0.0_526/lpcxpresso/tools/bin/../lib/gcc/arm-none-eabi/4.9.3/../../../../arm-none-eabi/lib/armv7-m/libcr_c.a(fclose.o)
 .comment       0x00000000       0x71 /usr/local/lpcxpresso_8.0.0_526/lpcxpresso/tools/bin/../lib/gcc/arm-none-eabi/4.9.3/../../../../arm-none-eabi/lib/armv7-m/libcr_c.a(fflush.o)
 .comment       0x00000000       0x71 /usr/local/lpcxpresso_8.0.0_526/lpcxpresso/tools/bin/../lib/gcc/arm-none-eabi/4.9.3/../../../../arm-none-eabi/lib/armv7-m/libcr_c.a(fseek.o)
 .comment       0x00000000       0x71 /usr/local/lpcxpresso_8.0.0_526/lpcxpresso/tools/bin/../lib/gcc/arm-none-eabi/4.9.3/../../../../arm-none-eabi/lib/armv7-m/libcr_c.a(ftell.o)
 .comment       0x00000000       0x71 /usr/local/lpcxpresso_8.0.0_526/lpcxpresso/tools/bin/../lib/gcc/arm-none-eabi/4.9.3/../../../../arm-none-eabi/lib/armv7-m/libcr_c.a(remove.o)
 .comment       0x00000000       0x71 /usr/local/lpcxpresso_8.0.0_526/lpcxpresso/tools/bin/../lib/gcc/arm-none-eabi/4.9.3/../../../../arm-none-eabi/lib/armv7-m/libcr_c.a(__init_alloc.o)
 .comment       0x00000000       0x71 /usr/local/lpcxpresso_8.0.0_526/lpcxpresso/tools/bin/../lib/gcc/arm-none-eabi/4.9.3/../../../../arm-none-eabi/lib/armv7-m/libcr_c.a(_cr_sbrk.o)
 .comment       0x00000000       0x71 /usr/local/lpcxpresso_8.0.0_526/lpcxpresso/tools/bin/../lib/gcc/arm-none-eabi/4.9.3/../../../../arm-none-eabi/lib/armv7-m/libcr_c.a(_do_fflush.o)
 .comment       0x00000000       0x71 /usr/local/lpcxpresso_8.0.0_526/lpcxpresso/tools/bin/../lib/gcc/arm-none-eabi/4.9.3/../../../../arm-none-eabi/lib/armv7-m/libcr_c.a(_hugeval.o)
 .comment       0x00000000       0x71 /usr/local/lpcxpresso_8.0.0_526/lpcxpresso/tools/bin/../lib/gcc/arm-none-eabi/4.9.3/../../../../arm-none-eabi/lib/armv7-m/libcr_c.a(_cr_check_heap.o)
 .comment       0x00000000       0x71 /usr/local/lpcxpresso_8.0.0_526/lpcxpresso/tools/bin/../lib/gcc/arm-none-eabi/4.9.3/armv7-m/libcr_eabihelpers.a(double.o)

.ARM.attributes
                0x00000000       0x31
 .ARM.attributes
                0x00000000       0x33 ./src/cr_startup_lpc13.o
 .ARM.attributes
                0x00000033       0x33 ./src/main.o
 .ARM.attributes
                0x00000066       0x33 ./Modules/cc2520/src/cc2520-mac.o
 .ARM.attributes
                0x00000099       0x33 ./Modules/cc2520/src/cc2520-task.o
 .ARM.attributes
                0x000000cc       0x33 ./Modules/cc2520/src/cc2520.o
 .ARM.attributes
                0x000000ff       0x33 ./Modules/Board/src/ledpul.o
 .ARM.attributes
                0x00000132       0x33 ./Modules/Board/src/ssp.o
 .ARM.attributes
                0x00000165       0x33 /home/pato/Embebidos/Protocolos/protocolos_ws/CMSISv2p00_LPC13xx/Debug/libCMSISv2p00_LPC13xx.a(system_LPC13xx.o)
 .ARM.attributes
                0x00000198       0x33 /usr/local/lpcxpresso_8.0.0_526/lpcxpresso/tools/bin/../lib/gcc/arm-none-eabi/4.9.3/../../../../arm-none-eabi/lib/armv7-m/libcr_semihost.a(_cr__main.o)
 .ARM.attributes
                0x000001cb       0x33 /usr/local/lpcxpresso_8.0.0_526/lpcxpresso/tools/bin/../lib/gcc/arm-none-eabi/4.9.3/../../../../arm-none-eabi/lib/armv7-m/libcr_c.a(fpprintf.o)
 .ARM.attributes
                0x000001fe       0x33 /usr/local/lpcxpresso_8.0.0_526/lpcxpresso/tools/bin/../lib/gcc/arm-none-eabi/4.9.3/../../../../arm-none-eabi/lib/armv7-m/libcr_c.a(initio.o)
 .ARM.attributes
                0x00000231       0x33 /usr/local/lpcxpresso_8.0.0_526/lpcxpresso/tools/bin/../lib/gcc/arm-none-eabi/4.9.3/../../../../arm-none-eabi/lib/armv7-m/libcr_c.a(printf.o)
 .ARM.attributes
                0x00000264       0x33 /usr/local/lpcxpresso_8.0.0_526/lpcxpresso/tools/bin/../lib/gcc/arm-none-eabi/4.9.3/../../../../arm-none-eabi/lib/armv7-m/libcr_c.a(setvbuf.o)
 .ARM.attributes
                0x00000297       0x33 /usr/local/lpcxpresso_8.0.0_526/lpcxpresso/tools/bin/../lib/gcc/arm-none-eabi/4.9.3/../../../../arm-none-eabi/lib/armv7-m/libcr_c.a(stdio.o)
 .ARM.attributes
                0x000002ca       0x33 /usr/local/lpcxpresso_8.0.0_526/lpcxpresso/tools/bin/../lib/gcc/arm-none-eabi/4.9.3/../../../../arm-none-eabi/lib/armv7-m/libcr_c.a(strlen.o)
 .ARM.attributes
                0x000002fd       0x33 /usr/local/lpcxpresso_8.0.0_526/lpcxpresso/tools/bin/../lib/gcc/arm-none-eabi/4.9.3/../../../../arm-none-eabi/lib/armv7-m/libcr_c.a(strncmp.o)
 .ARM.attributes
                0x00000330       0x33 /usr/local/lpcxpresso_8.0.0_526/lpcxpresso/tools/bin/../lib/gcc/arm-none-eabi/4.9.3/../../../../arm-none-eabi/lib/armv7-m/libcr_c.a(memset.o)
 .ARM.attributes
                0x00000363       0x33 /usr/local/lpcxpresso_8.0.0_526/lpcxpresso/tools/bin/../lib/gcc/arm-none-eabi/4.9.3/../../../../arm-none-eabi/lib/armv7-m/libcr_c.a(_deferredlazyseek.o)
 .ARM.attributes
                0x00000396       0x33 /usr/local/lpcxpresso_8.0.0_526/lpcxpresso/tools/bin/../lib/gcc/arm-none-eabi/4.9.3/../../../../arm-none-eabi/lib/armv7-m/libcr_c.a(_fdopen.o)
 .ARM.attributes
                0x000003c9       0x33 /usr/local/lpcxpresso_8.0.0_526/lpcxpresso/tools/bin/../lib/gcc/arm-none-eabi/4.9.3/../../../../arm-none-eabi/lib/armv7-m/libcr_c.a(_fflush.o)
 .ARM.attributes
                0x000003fc       0x33 /usr/local/lpcxpresso_8.0.0_526/lpcxpresso/tools/bin/../lib/gcc/arm-none-eabi/4.9.3/../../../../arm-none-eabi/lib/armv7-m/libcr_c.a(_frexpl.o)
 .ARM.attributes
                0x0000042f       0x33 /usr/local/lpcxpresso_8.0.0_526/lpcxpresso/tools/bin/../lib/gcc/arm-none-eabi/4.9.3/../../../../arm-none-eabi/lib/armv7-m/libcr_c.a(_ldexpl.o)
 .ARM.attributes
                0x00000462       0x33 /usr/local/lpcxpresso_8.0.0_526/lpcxpresso/tools/bin/../lib/gcc/arm-none-eabi/4.9.3/../../../../arm-none-eabi/lib/armv7-m/libcr_c.a(_writebuf.o)
 .ARM.attributes
                0x00000495       0x33 /usr/local/lpcxpresso_8.0.0_526/lpcxpresso/tools/bin/../lib/gcc/arm-none-eabi/4.9.3/../../../../arm-none-eabi/lib/armv7-m/libcr_c.a(alloc.o)
 .ARM.attributes
                0x000004c8       0x33 /usr/local/lpcxpresso_8.0.0_526/lpcxpresso/tools/bin/../lib/gcc/arm-none-eabi/4.9.3/../../../../arm-none-eabi/lib/armv7-m/libcr_c.a(errno.o)
 .ARM.attributes
                0x000004fb       0x33 /usr/local/lpcxpresso_8.0.0_526/lpcxpresso/tools/bin/../lib/gcc/arm-none-eabi/4.9.3/../../../../arm-none-eabi/lib/armv7-m/libcr_c.a(fclose.o)
 .ARM.attributes
                0x0000052e       0x33 /usr/local/lpcxpresso_8.0.0_526/lpcxpresso/tools/bin/../lib/gcc/arm-none-eabi/4.9.3/../../../../arm-none-eabi/lib/armv7-m/libcr_c.a(fflush.o)
 .ARM.attributes
                0x00000561       0x33 /usr/local/lpcxpresso_8.0.0_526/lpcxpresso/tools/bin/../lib/gcc/arm-none-eabi/4.9.3/../../../../arm-none-eabi/lib/armv7-m/libcr_c.a(fseek.o)
 .ARM.attributes
                0x00000594       0x33 /usr/local/lpcxpresso_8.0.0_526/lpcxpresso/tools/bin/../lib/gcc/arm-none-eabi/4.9.3/../../../../arm-none-eabi/lib/armv7-m/libcr_c.a(ftell.o)
 .ARM.attributes
                0x000005c7       0x33 /usr/local/lpcxpresso_8.0.0_526/lpcxpresso/tools/bin/../lib/gcc/arm-none-eabi/4.9.3/../../../../arm-none-eabi/lib/armv7-m/libcr_c.a(remove.o)
 .ARM.attributes
                0x000005fa       0x33 /usr/local/lpcxpresso_8.0.0_526/lpcxpresso/tools/bin/../lib/gcc/arm-none-eabi/4.9.3/../../../../arm-none-eabi/lib/armv7-m/libcr_c.a(__init_alloc.o)
 .ARM.attributes
                0x0000062d       0x33 /usr/local/lpcxpresso_8.0.0_526/lpcxpresso/tools/bin/../lib/gcc/arm-none-eabi/4.9.3/../../../../arm-none-eabi/lib/armv7-m/libcr_c.a(_cr_sbrk.o)
 .ARM.attributes
                0x00000660       0x33 /usr/local/lpcxpresso_8.0.0_526/lpcxpresso/tools/bin/../lib/gcc/arm-none-eabi/4.9.3/../../../../arm-none-eabi/lib/armv7-m/libcr_c.a(_do_fflush.o)
 .ARM.attributes
                0x00000693       0x33 /usr/local/lpcxpresso_8.0.0_526/lpcxpresso/tools/bin/../lib/gcc/arm-none-eabi/4.9.3/../../../../arm-none-eabi/lib/armv7-m/libcr_c.a(_hugeval.o)
 .ARM.attributes
                0x000006c6       0x33 /usr/local/lpcxpresso_8.0.0_526/lpcxpresso/tools/bin/../lib/gcc/arm-none-eabi/4.9.3/../../../../arm-none-eabi/lib/armv7-m/libcr_c.a(_cr_check_heap.o)
 .ARM.attributes
                0x000006f9       0x33 /usr/local/lpcxpresso_8.0.0_526/lpcxpresso/tools/bin/../lib/gcc/arm-none-eabi/4.9.3/armv7-m/libcr_eabihelpers.a(double.o)
 .ARM.attributes
                0x0000072c       0x21 /usr/local/lpcxpresso_8.0.0_526/lpcxpresso/tools/bin/../lib/gcc/arm-none-eabi/4.9.3/armv7-m/libcr_eabihelpers.a(memcpy.o)
 .ARM.attributes
                0x0000074d       0x21 /usr/local/lpcxpresso_8.0.0_526/lpcxpresso/tools/bin/../lib/gcc/arm-none-eabi/4.9.3/../../../../arm-none-eabi/lib/armv7-m/libcr_semihost.a(__sys_appexit.o)
 .ARM.attributes
                0x0000076e       0x21 /usr/local/lpcxpresso_8.0.0_526/lpcxpresso/tools/bin/../lib/gcc/arm-none-eabi/4.9.3/../../../../arm-none-eabi/lib/armv7-m/libcr_semihost.a(__sys_close.o)
 .ARM.attributes
                0x0000078f       0x21 /usr/local/lpcxpresso_8.0.0_526/lpcxpresso/tools/bin/../lib/gcc/arm-none-eabi/4.9.3/../../../../arm-none-eabi/lib/armv7-m/libcr_semihost.a(__sys_flen.o)
 .ARM.attributes
                0x000007b0       0x21 /usr/local/lpcxpresso_8.0.0_526/lpcxpresso/tools/bin/../lib/gcc/arm-none-eabi/4.9.3/../../../../arm-none-eabi/lib/armv7-m/libcr_semihost.a(__sys_istty.o)
 .ARM.attributes
                0x000007d1       0x21 /usr/local/lpcxpresso_8.0.0_526/lpcxpresso/tools/bin/../lib/gcc/arm-none-eabi/4.9.3/../../../../arm-none-eabi/lib/armv7-m/libcr_semihost.a(__sys_remove.o)
 .ARM.attributes
                0x000007f2       0x21 /usr/local/lpcxpresso_8.0.0_526/lpcxpresso/tools/bin/../lib/gcc/arm-none-eabi/4.9.3/../../../../arm-none-eabi/lib/armv7-m/libcr_semihost.a(__sys_seek.o)
 .ARM.attributes
                0x00000813       0x21 /usr/local/lpcxpresso_8.0.0_526/lpcxpresso/tools/bin/../lib/gcc/arm-none-eabi/4.9.3/../../../../arm-none-eabi/lib/armv7-m/libcr_semihost.a(__sys_tmpnam.o)
 .ARM.attributes
                0x00000834       0x21 /usr/local/lpcxpresso_8.0.0_526/lpcxpresso/tools/bin/../lib/gcc/arm-none-eabi/4.9.3/../../../../arm-none-eabi/lib/armv7-m/libcr_semihost.a(__sys_write.o)

.debug_frame    0x00000000      0x6b8
 .debug_frame   0x00000000       0xf0 ./src/cr_startup_lpc13.o
 .debug_frame   0x000000f0       0x98 ./src/main.o
 .debug_frame   0x00000188      0x270 ./Modules/cc2520/src/cc2520-mac.o
 .debug_frame   0x000003f8       0x5c ./Modules/cc2520/src/cc2520-task.o
 .debug_frame   0x00000454       0xd4 ./Modules/cc2520/src/cc2520.o
 .debug_frame   0x00000528       0xb4 ./Modules/Board/src/ledpul.o
 .debug_frame   0x000005dc       0xac ./Modules/Board/src/ssp.o
 .debug_frame   0x00000688       0x30 /home/pato/Embebidos/Protocolos/protocolos_ws/CMSISv2p00_LPC13xx/Debug/libCMSISv2p00_LPC13xx.a(system_LPC13xx.o)
