Archive member included because of file (symbol)

/home/patricio/Embebidos/Protocolos/Practica/ws-1343 hola mundo/CMSISv2p00_LPC13xx/Debug/libCMSISv2p00_LPC13xx.a(system_LPC13xx.o)
                              ./src/cr_startup_lpc13.o (SystemInit)
/usr/local/lpcxpresso_8.0.0_526/lpcxpresso/tools/bin/../lib/gcc/arm-none-eabi/4.9.3/../../../../arm-none-eabi/lib/armv7-m/libcr_semihost.a(_cr__main.o)
                              ./src/cr_startup_lpc13.o (__main)
/usr/local/lpcxpresso_8.0.0_526/lpcxpresso/tools/bin/../lib/gcc/arm-none-eabi/4.9.3/../../../../arm-none-eabi/lib/armv7-m/libcr_c.a(fpprintf.o)
                              ./Modules/cc2520/src/cc2520-task.o (sprintf)
/usr/local/lpcxpresso_8.0.0_526/lpcxpresso/tools/bin/../lib/gcc/arm-none-eabi/4.9.3/../../../../arm-none-eabi/lib/armv7-m/libcr_c.a(initio.o)
                              /usr/local/lpcxpresso_8.0.0_526/lpcxpresso/tools/bin/../lib/gcc/arm-none-eabi/4.9.3/../../../../arm-none-eabi/lib/armv7-m/libcr_semihost.a(_cr__main.o) (_initio)
/usr/local/lpcxpresso_8.0.0_526/lpcxpresso/tools/bin/../lib/gcc/arm-none-eabi/4.9.3/../../../../arm-none-eabi/lib/armv7-m/libcr_c.a(printf.o)
                              /usr/local/lpcxpresso_8.0.0_526/lpcxpresso/tools/bin/../lib/gcc/arm-none-eabi/4.9.3/../../../../arm-none-eabi/lib/armv7-m/libcr_c.a(fpprintf.o) (__vfprintf)
/usr/local/lpcxpresso_8.0.0_526/lpcxpresso/tools/bin/../lib/gcc/arm-none-eabi/4.9.3/../../../../arm-none-eabi/lib/armv7-m/libcr_c.a(setvbuf.o)
                              /usr/local/lpcxpresso_8.0.0_526/lpcxpresso/tools/bin/../lib/gcc/arm-none-eabi/4.9.3/../../../../arm-none-eabi/lib/armv7-m/libcr_c.a(initio.o) (setvbuf)
/usr/local/lpcxpresso_8.0.0_526/lpcxpresso/tools/bin/../lib/gcc/arm-none-eabi/4.9.3/../../../../arm-none-eabi/lib/armv7-m/libcr_c.a(stdio.o)
                              /usr/local/lpcxpresso_8.0.0_526/lpcxpresso/tools/bin/../lib/gcc/arm-none-eabi/4.9.3/../../../../arm-none-eabi/lib/armv7-m/libcr_c.a(fpprintf.o) (__Ciob)
/usr/local/lpcxpresso_8.0.0_526/lpcxpresso/tools/bin/../lib/gcc/arm-none-eabi/4.9.3/../../../../arm-none-eabi/lib/armv7-m/libcr_c.a(strlen.o)
                              ./Modules/cc2520/src/cc2520-task.o (strlen)
/usr/local/lpcxpresso_8.0.0_526/lpcxpresso/tools/bin/../lib/gcc/arm-none-eabi/4.9.3/../../../../arm-none-eabi/lib/armv7-m/libcr_c.a(strncmp.o)
                              ./Modules/cc2520/src/cc2520-task.o (strncmp)
/usr/local/lpcxpresso_8.0.0_526/lpcxpresso/tools/bin/../lib/gcc/arm-none-eabi/4.9.3/../../../../arm-none-eabi/lib/armv7-m/libcr_c.a(memset.o)
                              /usr/local/lpcxpresso_8.0.0_526/lpcxpresso/tools/bin/../lib/gcc/arm-none-eabi/4.9.3/../../../../arm-none-eabi/lib/armv7-m/libcr_c.a(fpprintf.o) (memset)
/usr/local/lpcxpresso_8.0.0_526/lpcxpresso/tools/bin/../lib/gcc/arm-none-eabi/4.9.3/../../../../arm-none-eabi/lib/armv7-m/libcr_c.a(__fillbuf.o)
                              /usr/local/lpcxpresso_8.0.0_526/lpcxpresso/tools/bin/../lib/gcc/arm-none-eabi/4.9.3/../../../../arm-none-eabi/lib/armv7-m/libcr_c.a(stdio.o) (__filbuf)
/usr/local/lpcxpresso_8.0.0_526/lpcxpresso/tools/bin/../lib/gcc/arm-none-eabi/4.9.3/../../../../arm-none-eabi/lib/armv7-m/libcr_c.a(_deferredlazyseek.o)
                              /usr/local/lpcxpresso_8.0.0_526/lpcxpresso/tools/bin/../lib/gcc/arm-none-eabi/4.9.3/../../../../arm-none-eabi/lib/armv7-m/libcr_c.a(__fillbuf.o) (_deferredlazyseek)
/usr/local/lpcxpresso_8.0.0_526/lpcxpresso/tools/bin/../lib/gcc/arm-none-eabi/4.9.3/../../../../arm-none-eabi/lib/armv7-m/libcr_c.a(_fdopen.o)
                              /usr/local/lpcxpresso_8.0.0_526/lpcxpresso/tools/bin/../lib/gcc/arm-none-eabi/4.9.3/../../../../arm-none-eabi/lib/armv7-m/libcr_c.a(initio.o) (_fdopen)
/usr/local/lpcxpresso_8.0.0_526/lpcxpresso/tools/bin/../lib/gcc/arm-none-eabi/4.9.3/../../../../arm-none-eabi/lib/armv7-m/libcr_c.a(_fflush.o)
                              /usr/local/lpcxpresso_8.0.0_526/lpcxpresso/tools/bin/../lib/gcc/arm-none-eabi/4.9.3/../../../../arm-none-eabi/lib/armv7-m/libcr_c.a(__fillbuf.o) (_fflush)
/usr/local/lpcxpresso_8.0.0_526/lpcxpresso/tools/bin/../lib/gcc/arm-none-eabi/4.9.3/../../../../arm-none-eabi/lib/armv7-m/libcr_c.a(_frexpl.o)
                              /usr/local/lpcxpresso_8.0.0_526/lpcxpresso/tools/bin/../lib/gcc/arm-none-eabi/4.9.3/../../../../arm-none-eabi/lib/armv7-m/libcr_c.a(fpprintf.o) (_frexpl)
/usr/local/lpcxpresso_8.0.0_526/lpcxpresso/tools/bin/../lib/gcc/arm-none-eabi/4.9.3/../../../../arm-none-eabi/lib/armv7-m/libcr_c.a(_ldexpl.o)
                              /usr/local/lpcxpresso_8.0.0_526/lpcxpresso/tools/bin/../lib/gcc/arm-none-eabi/4.9.3/../../../../arm-none-eabi/lib/armv7-m/libcr_c.a(fpprintf.o) (_ldexpl)
/usr/local/lpcxpresso_8.0.0_526/lpcxpresso/tools/bin/../lib/gcc/arm-none-eabi/4.9.3/../../../../arm-none-eabi/lib/armv7-m/libcr_c.a(_writebuf.o)
[...]
Memory Configuration

Name             Origin             Length             Attributes
MFlash32         0x00000000         0x00008000         xr
RamLoc8          0x10000000         0x00002000         xrw
*default*        0x00000000         0xffffffff

Linker script and memory map

LOAD ./src/cr_startup_lpc13.o
LOAD ./src/main.o
LOAD ./Modules/cc2520/src/cc2520-mac.o
LOAD ./Modules/cc2520/src/cc2520-task.o
LOAD ./Modules/cc2520/src/cc2520.o
LOAD ./Modules/Board/src/ledpul.o
LOAD ./Modules/Board/src/ssp.o
LOAD /home/patricio/Embebidos/Protocolos/Practica/ws-1343 hola mundo/CMSISv2p00_LPC13xx/Debug/libCMSISv2p00_LPC13xx.a
START GROUP
LOAD /usr/local/lpcxpresso_8.0.0_526/lpcxpresso/tools/bin/../lib/gcc/arm-none-eabi/4.9.3/../../../../arm-none-eabi/lib/armv7-m/libcr_semihost.a
LOAD /usr/local/lpcxpresso_8.0.0_526/lpcxpresso/tools/bin/../lib/gcc/arm-none-eabi/4.9.3/../../../../arm-none-eabi/lib/armv7-m/libcr_c.a
LOAD /usr/local/lpcxpresso_8.0.0_526/lpcxpresso/tools/bin/../lib/gcc/arm-none-eabi/4.9.3/armv7-m/libcr_eabihelpers.a
END GROUP
                0x00000000                __base_MFlash32 = 0x0
                0x00000000                __base_Flash = 0x0
                0x00008000                __top_MFlash32 = 0x8000
                0x00008000                __top_Flash = 0x8000
                0x10000000                __base_RamLoc8 = 0x10000000
                0x10000000                __base_RAM = 0x10000000
                0x10002000                __top_RamLoc8 = 0x10002000
                0x10002000                __top_RAM = 0x10002000

.text           0x00000000     0x4088
 FILL mask 0xff
                0x00000000                __vectors_start__ = ABSOLUTE (.)
 *(.isr_vector)
 .isr_vector    0x00000000      0x128 ./src/cr_startup_lpc13.o
                0x00000000                g_pfnVectors
                0x00000128                . = ALIGN (0x4)
                0x00000128                __section_table_start = .
                0x00000128                __data_section_table = .
                0x00000128        0x4 LONG 0x4088 LOADADDR (.data)
                0x0000012c        0x4 LONG 0x10000000 ADDR (.data)
                0x00000130        0x4 LONG 0x8 SIZEOF (.data)
                0x00000134                __data_section_table_end = .
                0x00000134                __bss_section_table = .
                0x00000134        0x4 LONG 0x10000008 ADDR (.bss)
                0x00000138        0x4 LONG 0x2d0 SIZEOF (.bss)
                0x0000013c                __bss_section_table_end = .
                0x0000013c                __section_table_end = .
 *(.after_vectors*)
 .after_vectors
                0x0000013c       0x80 ./src/cr_startup_lpc13.o
                0x0000013c                NMI_Handler
                0x0000013e                HardFault_Handler
                0x00000140                MemManage_Handler
                0x00000142                BusFault_Handler
                0x00000144                UsageFault_Handler
                0x00000146                SVC_Handler
                0x00000148                DebugMon_Handler
                0x0000014a                PendSV_Handler
                0x0000014e                TIMER16_0_IRQHandler
                0x0000014e                UART_IRQHandler
                0x0000014e                TIMER32_0_IRQHandler
                0x0000014e                TIMER32_1_IRQHandler
                0x0000014e                IntDefaultHandler
                0x0000014e                PIOINT1_IRQHandler
                0x0000014e                TIMER16_1_IRQHandler
                0x0000014e                USB_FIQHandler
                0x0000014e                ADC_IRQHandler
                0x0000014e                SSP1_IRQHandler
                0x0000014e                PIOINT2_IRQHandler
                0x0000014e                USB_IRQHandler
                0x0000014e                BOD_IRQHandler
                0x0000014e                WAKEUP_IRQHandler
                0x0000014e                PIOINT0_IRQHandler
                0x0000014e                I2C_IRQHandler
                0x0000014e                WDT_IRQHandler
                0x0000014e                PIOINT3_IRQHandler
                0x0000014e                FMC_IRQHandler
                0x00000150                data_init
                0x00000166                bss_init
                0x00000178                ResetISR
                0x000002fc                . = 0x2fc
 *fill*         0x000001bc      0x140 ff
                0x000002fc                PROVIDE (__CRP_WORD_START__, .)
 *(.crp)
 .crp           0x000002fc        0x4 ./src/main.o
                0x000002fc                CRP_WORD
                0x00000300                PROVIDE (__CRP_WORD_END__, .)
                0x00000001                ASSERT (! ((__CRP_WORD_START__ == __CRP_WORD_END__)), Linker CRP Enabled, but no CRP_WORD provided within application)
 *(.text*)
 .text.NVIC_SetPriority
                0x00000300       0x54 ./src/main.o
 .text.SysTick_Config
                0x00000354       0x44 ./src/main.o
 .text.SysTick_Handler
                0x00000398       0x80 ./src/main.o
                0x00000398                SysTick_Handler
 .text.main     0x00000418       0x50 ./src/main.o
                0x00000418                main
 .text.ccChannelSelect
                0x00000468       0x48 ./Modules/cc2520/src/cc2520-mac.o
                0x00000468                ccChannelSelect
 .text.ccSetLocalShortAddr
                0x000004b0       0x24 ./Modules/cc2520/src/cc2520-mac.o
                0x000004b0                ccSetLocalShortAddr
 .text.ccSetLocalPANID
                0x000004d4       0x24 ./Modules/cc2520/src/cc2520-mac.o
                0x000004d4                ccSetLocalPANID
 .text.ccSetLocalExtAddr
                0x000004f8       0x24 ./Modules/cc2520/src/cc2520-mac.o
                0x000004f8                ccSetLocalExtAddr
 .text.ccWrapperFCF
                0x0000051c       0xc0 ./Modules/cc2520/src/cc2520-mac.o
                0x0000051c                ccWrapperFCF
 .text.ccTx     0x000005dc      0x128 ./Modules/cc2520/src/cc2520-mac.o
                0x000005dc                ccTx
 .text.ccFrameTx
                0x00000704      0x214 ./Modules/cc2520/src/cc2520-mac.o
                0x00000704                ccFrameTx
 .text.ccFrameRx
                0x00000918      0x288 ./Modules/cc2520/src/cc2520-mac.o
                0x00000918                ccFrameRx
 .text.ccMemCpy
                0x00000ba0       0x3c ./Modules/cc2520/src/cc2520-mac.o
                0x00000ba0                ccMemCpy
 .text.ccFrameForming
                0x00000bdc       0x8c ./Modules/cc2520/src/cc2520-task.o
                0x00000bdc                ccFrameForming
 .text.ccTask   0x00000c68      0x160 ./Modules/cc2520/src/cc2520-task.o
                0x00000c68                ccTask
 .text.ccCmd    0x00000dc8      0x3cc ./Modules/cc2520/src/cc2520.o
                0x00000dc8                ccCmd
 .text.ccRegRd  0x00001194       0x48 ./Modules/cc2520/src/cc2520.o
                0x00001194                ccRegRd
 .text.ccRegWr  0x000011dc       0x48 ./Modules/cc2520/src/cc2520.o
                0x000011dc                ccRegWr
 .text.ccConfig
                0x00001224      0x124 ./Modules/cc2520/src/cc2520.o
                0x00001224                ccConfig
 .text.ccInit   0x00001348       0xe8 ./Modules/cc2520/src/cc2520.o
                0x00001348                ccInit
 .text.ledFlash
                0x00001430       0x64 ./Modules/Board/src/ledpul.o
                0x00001430                ledFlash
 .text.ledWrite
                0x00001494       0xe0 ./Modules/Board/src/ledpul.o
                0x00001494                ledWrite
 .text.ledpulInit
                0x00001574       0x98 ./Modules/Board/src/ledpul.o
                0x00001574                ledpulInit
 .text.NVIC_EnableIRQ
                0x0000160c       0x30 ./Modules/Board/src/ssp.o
 .text.SSP_IRQHandler
                0x0000163c       0x70 ./Modules/Board/src/ssp.o
                0x0000163c                SSP_IRQHandler
 .text.SSPInit  0x000016ac       0xb4 ./Modules/Board/src/ssp.o
                0x000016ac                SSPInit
 .text.SSPSendReceive
                0x00001760       0x6c ./Modules/Board/src/ssp.o
                0x00001760                SSPSendReceive
 .text.SystemInit
                0x000017cc       0xac /home/patricio/Embebidos/Protocolos/Practica/ws-1343 hola mundo/CMSISv2p00_LPC13xx/Debug/libCMSISv2p00_LPC13xx.a(system_LPC13xx.o)
                0x000017cc                SystemInit
 .text.__main   0x00001878       0x14 /usr/local/lpcxpresso_8.0.0_526/lpcxpresso/tools/bin/../lib/gcc/arm-none-eabi/4.9.3/../../../../arm-none-eabi/lib/armv7-m/libcr_semihost.a(_cr__main.o)
                0x00001878                __main
                0x00001878                __CR_SEMIHOST
 .text.fp_round
                0x0000188c       0x4a /usr/local/lpcxpresso_8.0.0_526/lpcxpresso/tools/bin/../lib/gcc/arm-none-eabi/4.9.3/../../../../arm-none-eabi/lib/armv7-m/libcr_c.a(fpprintf.o)
 .text.pr_dec.constprop.1
                0x000018d6       0x26 /usr/local/lpcxpresso_8.0.0_526/lpcxpresso/tools/bin/../lib/gcc/arm-none-eabi/4.9.3/../../../../arm-none-eabi/lib/armv7-m/libcr_c.a(fpprintf.o)
 .text.sprintf  0x000018fc       0x6c /usr/local/lpcxpresso_8.0.0_526/lpcxpresso/tools/bin/../lib/gcc/arm-none-eabi/4.9.3/../../../../arm-none-eabi/lib/armv7-m/libcr_c.a(fpprintf.o)
                0x000018fc                sprintf
 .text.fp_display
                0x00001968      0x900 /usr/local/lpcxpresso_8.0.0_526/lpcxpresso/tools/bin/../lib/gcc/arm-none-eabi/4.9.3/../../../../arm-none-eabi/lib/armv7-m/libcr_c.a(fpprintf.o)
 .text._initio  0x00002268       0xa4 /usr/local/lpcxpresso_8.0.0_526/lpcxpresso/tools/bin/../lib/gcc/arm-none-eabi/4.9.3/../../../../arm-none-eabi/lib/armv7-m/libcr_c.a(initio.o)
                0x00002268                _initio
 .text.__vfprintf
                0x0000230c      0xcc0 /usr/local/lpcxpresso_8.0.0_526/lpcxpresso/tools/bin/../lib/gcc/arm-none-eabi/4.9.3/../../../../arm-none-eabi/lib/armv7-m/libcr_c.a(printf.o)
                0x0000230c                __vfprintf
 .text.setvbuf  0x00002fcc       0x40 /usr/local/lpcxpresso_8.0.0_526/lpcxpresso/tools/bin/../lib/gcc/arm-none-eabi/4.9.3/../../../../arm-none-eabi/lib/armv7-m/libcr_c.a(setvbuf.o)
                0x00002fcc                setvbuf
 .text.strlen   0x0000300c       0x4a /usr/local/lpcxpresso_8.0.0_526/lpcxpresso/tools/bin/../lib/gcc/arm-none-eabi/4.9.3/../../../../arm-none-eabi/lib/armv7-m/libcr_c.a(strlen.o)
                0x0000300c                strlen
 .text.strncmp  0x00003056       0x56 /usr/local/lpcxpresso_8.0.0_526/lpcxpresso/tools/bin/../lib/gcc/arm-none-eabi/4.9.3/../../../../arm-none-eabi/lib/armv7-m/libcr_c.a(strncmp.o)
                0x00003056                strncmp
 .text.memset   0x000030ac        0x4 /usr/local/lpcxpresso_8.0.0_526/lpcxpresso/tools/bin/../lib/gcc/arm-none-eabi/4.9.3/../../../../arm-none-eabi/lib/armv7-m/libcr_c.a(memset.o)
                0x000030ac                memset
 .text._deferredlazyseek
                0x000030b0       0x44 /usr/local/lpcxpresso_8.0.0_526/lpcxpresso/tools/bin/../lib/gcc/arm-none-eabi/4.9.3/../../../../arm-none-eabi/lib/armv7-m/libcr_c.a(_deferredlazyseek.o)
                0x000030b0                _deferredlazyseek
 .text.__flsbuf
                0x000030f4      0x142 /usr/local/lpcxpresso_8.0.0_526/lpcxpresso/tools/bin/../lib/gcc/arm-none-eabi/4.9.3/../../../../arm-none-eabi/lib/armv7-m/libcr_c.a(_deferredlazyseek.o)
                0x000030f4                __flsbuf
 .text._fdopen  0x00003236       0x6a /usr/local/lpcxpresso_8.0.0_526/lpcxpresso/tools/bin/../lib/gcc/arm-none-eabi/4.9.3/../../../../arm-none-eabi/lib/armv7-m/libcr_c.a(_fdopen.o)
                0x00003236                _fdopen
 .text._fflush  0x000032a0       0x58 /usr/local/lpcxpresso_8.0.0_526/lpcxpresso/tools/bin/../lib/gcc/arm-none-eabi/4.9.3/../../../../arm-none-eabi/lib/armv7-m/libcr_c.a(_fflush.o)
                0x000032a0                _fflush
 .text._frexpl  0x000032f8       0x5a /usr/local/lpcxpresso_8.0.0_526/lpcxpresso/tools/bin/../lib/gcc/arm-none-eabi/4.9.3/../../../../arm-none-eabi/lib/armv7-m/libcr_c.a(_frexpl.o)
                0x000032f8                _frexpl
 *fill*         0x00003352        0x2 
 .text._ldexpl  0x00003354       0x4c /usr/local/lpcxpresso_8.0.0_526/lpcxpresso/tools/bin/../lib/gcc/arm-none-eabi/4.9.3/../../../../arm-none-eabi/lib/armv7-m/libcr_c.a(_ldexpl.o)
                0x00003354                _ldexpl
 .text._Cwritebuf
                0x000033a0       0x68 /usr/local/lpcxpresso_8.0.0_526/lpcxpresso/tools/bin/../lib/gcc/arm-none-eabi/4.9.3/../../../../arm-none-eabi/lib/armv7-m/libcr_c.a(_writebuf.o)
                0x000033a0                _Cwritebuf
 .text.malloc   0x00003408       0xcc /usr/local/lpcxpresso_8.0.0_526/lpcxpresso/tools/bin/../lib/gcc/arm-none-eabi/4.9.3/../../../../arm-none-eabi/lib/armv7-m/libcr_c.a(alloc.o)
                0x00003408                malloc
 .text.free     0x000034d4       0x30 /usr/local/lpcxpresso_8.0.0_526/lpcxpresso/tools/bin/../lib/gcc/arm-none-eabi/4.9.3/../../../../arm-none-eabi/lib/armv7-m/libcr_c.a(alloc.o)
                0x000034d4                free
 .text._Csys_alloc
                0x00003504       0x20 /usr/local/lpcxpresso_8.0.0_526/lpcxpresso/tools/bin/../lib/gcc/arm-none-eabi/4.9.3/../../../../arm-none-eabi/lib/armv7-m/libcr_c.a(alloc.o)
                0x00003504                _Csys_alloc
 .text.fclose   0x00003524       0x6c /usr/local/lpcxpresso_8.0.0_526/lpcxpresso/tools/bin/../lib/gcc/arm-none-eabi/4.9.3/../../../../arm-none-eabi/lib/armv7-m/libcr_c.a(fclose.o)
                0x00003524                fclose
 .text.fflush   0x00003590       0x30 /usr/local/lpcxpresso_8.0.0_526/lpcxpresso/tools/bin/../lib/gcc/arm-none-eabi/4.9.3/../../../../arm-none-eabi/lib/armv7-m/libcr_c.a(fflush.o)
                0x00003590                fflush
 .text.fseek    0x000035c0      0x110 /usr/local/lpcxpresso_8.0.0_526/lpcxpresso/tools/bin/../lib/gcc/arm-none-eabi/4.9.3/../../../../arm-none-eabi/lib/armv7-m/libcr_c.a(fseek.o)
                0x000035c0                fseek
 .text.ftell    0x000036d0       0x4c /usr/local/lpcxpresso_8.0.0_526/lpcxpresso/tools/bin/../lib/gcc/arm-none-eabi/4.9.3/../../../../arm-none-eabi/lib/armv7-m/libcr_c.a(ftell.o)
                0x000036d0                ftell
 .text.remove   0x0000371c       0x14 /usr/local/lpcxpresso_8.0.0_526/lpcxpresso/tools/bin/../lib/gcc/arm-none-eabi/4.9.3/../../../../arm-none-eabi/lib/armv7-m/libcr_c.a(remove.o)
                0x0000371c                remove
 .text._sbrk    0x00003730       0x40 /usr/local/lpcxpresso_8.0.0_526/lpcxpresso/tools/bin/../lib/gcc/arm-none-eabi/4.9.3/../../../../arm-none-eabi/lib/armv7-m/libcr_c.a(_cr_sbrk.o)
                0x00003730                _sbrk
 .text._do_fflush
                0x00003770       0x44 /usr/local/lpcxpresso_8.0.0_526/lpcxpresso/tools/bin/../lib/gcc/arm-none-eabi/4.9.3/../../../../arm-none-eabi/lib/armv7-m/libcr_c.a(_do_fflush.o)
                0x00003770                _do_fflush
 .text.__check_heap_overflow
                0x000037b4       0x18 /usr/local/lpcxpresso_8.0.0_526/lpcxpresso/tools/bin/../lib/gcc/arm-none-eabi/4.9.3/../../../../arm-none-eabi/lib/armv7-m/libcr_c.a(_cr_check_heap.o)
                0x000037b4                __check_heap_overflow
 .text.__aeabi_dmul
                0x000037cc      0x120 /usr/local/lpcxpresso_8.0.0_526/lpcxpresso/tools/bin/../lib/gcc/arm-none-eabi/4.9.3/armv7-m/libcr_eabihelpers.a(double.o)
                0x000037cc                __aeabi_dmul
 .text.__aeabi_ddiv
                0x000038ec      0x150 /usr/local/lpcxpresso_8.0.0_526/lpcxpresso/tools/bin/../lib/gcc/arm-none-eabi/4.9.3/armv7-m/libcr_eabihelpers.a(double.o)
                0x000038ec                __aeabi_ddiv
 .text.__aeabi_dsub
                0x00003a3c      0x1d8 /usr/local/lpcxpresso_8.0.0_526/lpcxpresso/tools/bin/../lib/gcc/arm-none-eabi/4.9.3/armv7-m/libcr_eabihelpers.a(double.o)
                0x00003a3c                __aeabi_dsub
 .text.__aeabi_dadd
                0x00003c14      0x134 /usr/local/lpcxpresso_8.0.0_526/lpcxpresso/tools/bin/../lib/gcc/arm-none-eabi/4.9.3/armv7-m/libcr_eabihelpers.a(double.o)
                0x00003c14                __aeabi_dadd
 .text.__aeabi_d2iz
                0x00003d48       0x40 /usr/local/lpcxpresso_8.0.0_526/lpcxpresso/tools/bin/../lib/gcc/arm-none-eabi/4.9.3/armv7-m/libcr_eabihelpers.a(double.o)
                0x00003d48                __aeabi_d2iz
 .text.__bhs_ui2d
                0x00003d88       0x48 /usr/local/lpcxpresso_8.0.0_526/lpcxpresso/tools/bin/../lib/gcc/arm-none-eabi/4.9.3/armv7-m/libcr_eabihelpers.a(double.o)
                0x00003d88                __bhs_ui2d
 .text.__aeabi_i2d
                0x00003dd0       0x14 /usr/local/lpcxpresso_8.0.0_526/lpcxpresso/tools/bin/../lib/gcc/arm-none-eabi/4.9.3/armv7-m/libcr_eabihelpers.a(double.o)
                0x00003dd0                __aeabi_i2d
 .text.__aeabi_dcmpeq
                0x00003de4       0x2c /usr/local/lpcxpresso_8.0.0_526/lpcxpresso/tools/bin/../lib/gcc/arm-none-eabi/4.9.3/armv7-m/libcr_eabihelpers.a(double.o)
                0x00003de4                __aeabi_dcmpeq
 .text.__aeabi_dcmplt
                0x00003e10       0x5c /usr/local/lpcxpresso_8.0.0_526/lpcxpresso/tools/bin/../lib/gcc/arm-none-eabi/4.9.3/armv7-m/libcr_eabihelpers.a(double.o)
                0x00003e10                __aeabi_dcmplt
 .text.__aeabi_dcmple
                0x00003e6c       0x5c /usr/local/lpcxpresso_8.0.0_526/lpcxpresso/tools/bin/../lib/gcc/arm-none-eabi/4.9.3/armv7-m/libcr_eabihelpers.a(double.o)
                0x00003e6c                __aeabi_dcmple
 .text.__aeabi_dcmpge
                0x00003ec8       0x5c /usr/local/lpcxpresso_8.0.0_526/lpcxpresso/tools/bin/../lib/gcc/arm-none-eabi/4.9.3/armv7-m/libcr_eabihelpers.a(double.o)
                0x00003ec8                __aeabi_dcmpge
 .text.__aeabi_memset_lowlevel
                0x00003f24       0x32 /usr/local/lpcxpresso_8.0.0_526/lpcxpresso/tools/bin/../lib/gcc/arm-none-eabi/4.9.3/armv7-m/libcr_eabihelpers.a(memcpy.o)
                0x00003f24                __aeabi_lowlevel_memset
 *fill*         0x00003f56        0x2 
 .text.__sys_appexit
                0x00003f58        0xc /usr/local/lpcxpresso_8.0.0_526/lpcxpresso/tools/bin/../lib/gcc/arm-none-eabi/4.9.3/../../../../arm-none-eabi/lib/armv7-m/libcr_semihost.a(__sys_appexit.o)
                0x00003f58                __exit
                0x00003f58                __sys_appexit
 .text.__sys_close
                0x00003f64        0xc /usr/local/lpcxpresso_8.0.0_526/lpcxpresso/tools/bin/../lib/gcc/arm-none-eabi/4.9.3/../../../../arm-none-eabi/lib/armv7-m/libcr_semihost.a(__sys_close.o)
                0x00003f64                __sys_close
 .text.__sys_flen
                0x00003f70        0xc /usr/local/lpcxpresso_8.0.0_526/lpcxpresso/tools/bin/../lib/gcc/arm-none-eabi/4.9.3/../../../../arm-none-eabi/lib/armv7-m/libcr_semihost.a(__sys_flen.o)
                0x00003f70                __sys_flen
 .text.__sys_istty
                0x00003f7c        0xc /usr/local/lpcxpresso_8.0.0_526/lpcxpresso/tools/bin/../lib/gcc/arm-none-eabi/4.9.3/../../../../arm-none-eabi/lib/armv7-m/libcr_semihost.a(__sys_istty.o)
                0x00003f7c                __sys_istty
 .text.__sys_remove
                0x00003f88        0xc /usr/local/lpcxpresso_8.0.0_526/lpcxpresso/tools/bin/../lib/gcc/arm-none-eabi/4.9.3/../../../../arm-none-eabi/lib/armv7-m/libcr_semihost.a(__sys_remove.o)
                0x00003f88                __sys_remove
 .text.__sys_seek
                0x00003f94        0xc /usr/local/lpcxpresso_8.0.0_526/lpcxpresso/tools/bin/../lib/gcc/arm-none-eabi/4.9.3/../../../../arm-none-eabi/lib/armv7-m/libcr_semihost.a(__sys_seek.o)
                0x00003f94                __sys_seek
 .text.__sys_tmpnam
                0x00003fa0        0xc /usr/local/lpcxpresso_8.0.0_526/lpcxpresso/tools/bin/../lib/gcc/arm-none-eabi/4.9.3/../../../../arm-none-eabi/lib/armv7-m/libcr_semihost.a(__sys_tmpnam.o)
                0x00003fa0                __sys_tmpnam
 .text.__sys_write
                0x00003fac        0xc /usr/local/lpcxpresso_8.0.0_526/lpcxpresso/tools/bin/../lib/gcc/arm-none-eabi/4.9.3/../../../../arm-none-eabi/lib/armv7-m/libcr_semihost.a(__sys_write.o)
                0x00003fac                __write
                0x00003fac                __sys_write
 *(.rodata .rodata.* .constdata .constdata.*)
 .rodata        0x00003fb8       0x43 ./Modules/cc2520/src/cc2520-task.o
 .rodata.str1.1
                0x00003ffb       0x34 /usr/local/lpcxpresso_8.0.0_526/lpcxpresso/tools/bin/../lib/gcc/arm-none-eabi/4.9.3/../../../../arm-none-eabi/lib/armv7-m/libcr_c.a(fpprintf.o)
                                 0x35 (size before relaxing)
 .rodata.str1.1
                0x0000402f        0x4 /usr/local/lpcxpresso_8.0.0_526/lpcxpresso/tools/bin/../lib/gcc/arm-none-eabi/4.9.3/../../../../arm-none-eabi/lib/armv7-m/libcr_c.a(initio.o)
 .rodata.str1.1
                0x00004033       0x31 /usr/local/lpcxpresso_8.0.0_526/lpcxpresso/tools/bin/../lib/gcc/arm-none-eabi/4.9.3/../../../../arm-none-eabi/lib/armv7-m/libcr_c.a(printf.o)
                                 0x38 (size before relaxing)
 .rodata.str1.1
                0x00004064       0x18 /usr/local/lpcxpresso_8.0.0_526/lpcxpresso/tools/bin/../lib/gcc/arm-none-eabi/4.9.3/../../../../arm-none-eabi/lib/armv7-m/libcr_c.a(alloc.o)
 *fill*         0x0000407c        0x4 
 .rodata.__huge_vall
                0x00004080        0x8 /usr/local/lpcxpresso_8.0.0_526/lpcxpresso/tools/bin/../lib/gcc/arm-none-eabi/4.9.3/../../../../arm-none-eabi/lib/armv7-m/libcr_c.a(_hugeval.o)
                0x00004080                __huge_vall
                0x00004088                . = ALIGN (0x4)

.glue_7         0x00004088        0x0
 .glue_7        0x00000000        0x0 linker stubs

.glue_7t        0x00004088        0x0
 .glue_7t       0x00000000        0x0 linker stubs

.vfp11_veneer   0x00004088        0x0
 .vfp11_veneer  0x00000000        0x0 linker stubs

.v4_bx          0x00004088        0x0
 .v4_bx         0x00000000        0x0 linker stubs

.iplt           0x00004088        0x0
 .iplt          0x00000000        0x0 ./src/cr_startup_lpc13.o

.rel.dyn        0x00004088        0x0
 .rel.iplt      0x00000000        0x0 ./src/cr_startup_lpc13.o

.ARM.extab
 *(.ARM.extab* .gnu.linkonce.armextab.*)
                0x00004088                __exidx_start = .

.ARM.exidx
 *(.ARM.exidx* .gnu.linkonce.armexidx.*)
                0x00004088                __exidx_end = .
                0x00004088                _etext = .

.uninit_RESERVED
                0x10000000        0x0
 *(.bss.$RESERVED*)
                0x10000000                . = ALIGN (0x4)
                0x10000000                _end_uninit_RESERVED = .

.data           0x10000000        0x8 load address 0x00004088
 FILL mask 0xff
                0x10000000                _data = .
 *(vtable)
 *(.ramfunc*)
 *(.data*)
 .data.countdown_tx
                0x10000000        0x4 ./src/main.o
                0x10000000                countdown_tx
 .data.SystemCoreClock
                0x10000004        0x4 /home/patricio/Embebidos/Protocolos/Practica/ws-1343 hola mundo/CMSISv2p00_LPC13xx/Debug/libCMSISv2p00_LPC13xx.a(system_LPC13xx.o)
                0x10000004                SystemCoreClock
                0x10000008                . = ALIGN (0x4)
                0x10000008                _edata = .

.igot.plt       0x10000008        0x0 load address 0x00004090
 .igot.plt      0x00000000        0x0 ./src/cr_startup_lpc13.o

.bss            0x10000008      0x2d0 load address 0x00004090
                0x10000008                _bss = .
 *(.bss*)
 .bss.curr_state
                0x10000008        0x1 ./Modules/cc2520/src/cc2520-task.o
                0x10000008                curr_state
 *fill*         0x10000009        0x3 
 .bss.interruptRxStat
                0x1000000c        0x4 ./Modules/Board/src/ssp.o
                0x1000000c                interruptRxStat
 .bss.interruptOverRunStat
                0x10000010        0x4 ./Modules/Board/src/ssp.o
                0x10000010                interruptOverRunStat
 .bss.interruptRxTimeoutStat
                0x10000014        0x4 ./Modules/Board/src/ssp.o
                0x10000014                interruptRxTimeoutStat
 .bss.errno     0x10000018        0x4 /usr/local/lpcxpresso_8.0.0_526/lpcxpresso/tools/bin/../lib/gcc/arm-none-eabi/4.9.3/../../../../arm-none-eabi/lib/armv7-m/libcr_c.a(errno.o)
                0x10000018                errno
 *(COMMON)
 *fill*         0x1000001c        0x4 
 COMMON         0x10000020       0x60 ./src/main.o
                0x10000020                rx
                0x10000050                tx
 COMMON         0x10000080      0x100 ./Modules/cc2520/src/cc2520-mac.o
                0x10000080                rxbuf
                0x10000100                txbuf
 COMMON         0x10000180        0xb ./Modules/Board/src/ledpul.o
                0x10000180                contled0
                0x10000184                contled1
                0x10000188                countLed2
                0x10000189                countLed0
                0x1000018a                countLed1
 *fill*         0x1000018b        0x1 
 COMMON         0x1000018c        0x4 /usr/local/lpcxpresso_8.0.0_526/lpcxpresso/tools/bin/../lib/gcc/arm-none-eabi/4.9.3/../../../../arm-none-eabi/lib/armv7-m/libcr_c.a(initio.o)
                0x1000018c                _extra
 COMMON         0x10000190      0x140 /usr/local/lpcxpresso_8.0.0_526/lpcxpresso/tools/bin/../lib/gcc/arm-none-eabi/4.9.3/../../../../arm-none-eabi/lib/armv7-m/libcr_c.a(stdio.o)
                0x10000190                __Ciob
 COMMON         0x100002d0        0x8 /usr/local/lpcxpresso_8.0.0_526/lpcxpresso/tools/bin/../lib/gcc/arm-none-eabi/4.9.3/../../../../arm-none-eabi/lib/armv7-m/libcr_c.a(__init_alloc.o)
                0x100002d0                __heaps
                0x100002d4                __end_of_heap
                0x100002d8                . = ALIGN (0x4)
                0x100002d8                _ebss = .
                0x100002d8                PROVIDE (end, .)

.noinit         0x100002d8        0x0 load address 0x00004090
                0x100002d8                _noinit = .
 *(.noinit*)
                0x100002d8                . = ALIGN (0x4)
                0x100002d8                _end_noinit = .
                0x100002d8                PROVIDE (_pvHeapStart, DEFINED (__user_heap_base)?__user_heap_base:.)
                0x10002000                PROVIDE (_vStackTop, DEFINED (__user_stack_top)?__user_stack_top:(__top_RamLoc8 - 0x0))
                0xefffd842                PROVIDE (__valid_user_code_checksum, (0x0 - ((((((_vStackTop + (ResetISR + 0x1)) + (NMI_Handler + 0x1)) + (HardFault_Handler + 0x1)) + (DEFINED (MemManage_Handler)?MemManage_Handler:0x0 + 0x1)) + (DEFINED (BusFault_Handler)?BusFault_Handler:0x0 + 0x1)) + (DEFINED (UsageFault_Handler)?UsageFault_Handler:0x0 + 0x1))))
OUTPUT(Actividad1-DEVICE.axf elf32-littlearm)

.debug_info     0x00000000     0x3260
 .debug_info    0x00000000      0x2dd ./src/cr_startup_lpc13.o
 .debug_info    0x000002dd      0x7ac ./src/main.o
 .debug_info    0x00000a89      0x66e ./Modules/cc2520/src/cc2520-mac.o
 .debug_info    0x000010f7      0x345 ./Modules/cc2520/src/cc2520-task.o
 .debug_info    0x0000143c      0x7f7 ./Modules/cc2520/src/cc2520.o
 .debug_info    0x00001c33      0x3e9 ./Modules/Board/src/ledpul.o
 .debug_info    0x0000201c      0xd52 ./Modules/Board/src/ssp.o
 .debug_info    0x00002d6e      0x4f2 /home/patricio/Embebidos/Protocolos/Practica/ws-1343 hola mundo/CMSISv2p00_LPC13xx/Debug/libCMSISv2p00_LPC13xx.a(system_LPC13xx.o)

.debug_abbrev   0x00000000      0xd65
 .debug_abbrev  0x00000000      0x13f ./src/cr_startup_lpc13.o
 .debug_abbrev  0x0000013f      0x20a ./src/main.o
 .debug_abbrev  0x00000349      0x1b9 ./Modules/cc2520/src/cc2520-mac.o
 .debug_abbrev  0x00000502      0x156 ./Modules/cc2520/src/cc2520-task.o
 .debug_abbrev  0x00000658      0x1df ./Modules/cc2520/src/cc2520.o
 .debug_abbrev  0x00000837      0x1e1 ./Modules/Board/src/ledpul.o
 .debug_abbrev  0x00000a18      0x22d ./Modules/Board/src/ssp.o
 .debug_abbrev  0x00000c45      0x120 /home/patricio/Embebidos/Protocolos/Practica/ws-1343 hola mundo/CMSISv2p00_LPC13xx/Debug/libCMSISv2p00_LPC13xx.a(system_LPC13xx.o)

.debug_loc      0x00000000      0x242
 .debug_loc     0x00000000      0x1be ./src/cr_startup_lpc13.o
 .debug_loc     0x000001be       0x84 /home/patricio/Embebidos/Protocolos/Practica/ws-1343 hola mundo/CMSISv2p00_LPC13xx/Debug/libCMSISv2p00_LPC13xx.a(system_LPC13xx.o)

.debug_aranges  0x00000000      0x250
 .debug_aranges
                0x00000000       0x80 ./src/cr_startup_lpc13.o
 .debug_aranges
                0x00000080       0x38 ./src/main.o
 .debug_aranges
                0x000000b8       0x98 ./Modules/cc2520/src/cc2520-mac.o
 .debug_aranges
                0x00000150       0x28 ./Modules/cc2520/src/cc2520-task.o
 .debug_aranges
                0x00000178       0x40 ./Modules/cc2520/src/cc2520.o
 .debug_aranges
                0x000001b8       0x38 ./Modules/Board/src/ledpul.o
 .debug_aranges
                0x000001f0       0x38 ./Modules/Board/src/ssp.o
 .debug_aranges
                0x00000228       0x28 /home/patricio/Embebidos/Protocolos/Practica/ws-1343 hola mundo/CMSISv2p00_LPC13xx/Debug/libCMSISv2p00_LPC13xx.a(system_LPC13xx.o)

.debug_ranges   0x00000000      0x1d0
 .debug_ranges  0x00000000       0x70 ./src/cr_startup_lpc13.o
 .debug_ranges  0x00000070       0x28 ./src/main.o
 .debug_ranges  0x00000098       0x88 ./Modules/cc2520/src/cc2520-mac.o
 .debug_ranges  0x00000120       0x18 ./Modules/cc2520/src/cc2520-task.o
 .debug_ranges  0x00000138       0x30 ./Modules/cc2520/src/cc2520.o
 .debug_ranges  0x00000168       0x28 ./Modules/Board/src/ledpul.o
 .debug_ranges  0x00000190       0x28 ./Modules/Board/src/ssp.o
 .debug_ranges  0x000001b8       0x18 /home/patricio/Embebidos/Protocolos/Practica/ws-1343 hola mundo/CMSISv2p00_LPC13xx/Debug/libCMSISv2p00_LPC13xx.a(system_LPC13xx.o)

.debug_macro    0x00000000     0x3abf
 .debug_macro   0x00000000       0x81 ./src/cr_startup_lpc13.o
 .debug_macro   0x00000081      0x880 ./src/cr_startup_lpc13.o
 .debug_macro   0x00000901       0x1c ./src/cr_startup_lpc13.o
 .debug_macro   0x0000091d       0x2e ./src/cr_startup_lpc13.o
 .debug_macro   0x0000094b       0x10 ./src/cr_startup_lpc13.o
 .debug_macro   0x0000095b      0x12d ./src/cr_startup_lpc13.o
 .debug_macro   0x00000a88      0x5b2 ./src/cr_startup_lpc13.o
 .debug_macro   0x0000103a       0x18 ./src/cr_startup_lpc13.o
 .debug_macro   0x00001052      0x7af ./src/cr_startup_lpc13.o
 .debug_macro   0x00001801      0x131 ./src/cr_startup_lpc13.o
 .debug_macro   0x00001932       0xef ./src/main.o
 .debug_macro   0x00001a21      0x87a ./src/main.o
 .debug_macro   0x0000229b       0x82 ./src/main.o
 .debug_macro   0x0000231d       0x34 ./src/main.o
 .debug_macro   0x00002351       0xa0 ./src/main.o
 .debug_macro   0x000023f1       0xb8 ./src/main.o
 .debug_macro   0x000024a9      0x738 ./src/main.o
 .debug_macro   0x00002be1       0x28 ./src/main.o
 .debug_macro   0x00002c09       0x22 ./src/main.o
 .debug_macro   0x00002c2b       0x2e ./src/main.o
 .debug_macro   0x00002c59       0xef ./Modules/cc2520/src/cc2520-mac.o
 .debug_macro   0x00002d48       0xef ./Modules/cc2520/src/cc2520-task.o
 .debug_macro   0x00002e37       0xef ./Modules/cc2520/src/cc2520.o
 .debug_macro   0x00002f26       0xef ./Modules/Board/src/ledpul.o
 .debug_macro   0x00003015       0xef ./Modules/Board/src/ssp.o
 .debug_macro   0x00003104      0x147 /home/patricio/Embebidos/Protocolos/Practica/ws-1343 hola mundo/CMSISv2p00_LPC13xx/Debug/libCMSISv2p00_LPC13xx.a(system_LPC13xx.o)
 .debug_macro   0x0000324b      0x874 /home/patricio/Embebidos/Protocolos/Practica/ws-1343 hola mundo/CMSISv2p00_LPC13xx/Debug/libCMSISv2p00_LPC13xx.a(system_LPC13xx.o)

.debug_line     0x00000000     0x20a3
 .debug_line    0x00000000      0x22c ./src/cr_startup_lpc13.o
 .debug_line    0x0000022c      0x455 ./src/main.o
 .debug_line    0x00000681      0x5fd ./Modules/cc2520/src/cc2520-mac.o
 .debug_line    0x00000c7e      0x43d ./Modules/cc2520/src/cc2520-task.o
 .debug_line    0x000010bb      0x547 ./Modules/cc2520/src/cc2520.o
 .debug_line    0x00001602      0x457 ./Modules/Board/src/ledpul.o
 .debug_line    0x00001a59      0x478 ./Modules/Board/src/ssp.o
 .debug_line    0x00001ed1      0x1d2 /home/patricio/Embebidos/Protocolos/Practica/ws-1343 hola mundo/CMSISv2p00_LPC13xx/Debug/libCMSISv2p00_LPC13xx.a(system_LPC13xx.o)

.debug_str      0x00000000     0xa96b
 .debug_str     0x00000000     0x7423 ./src/cr_startup_lpc13.o
                               0x74aa (size before relaxing)
 .debug_str     0x00007423     0x273c ./src/main.o
                               0x99a5 (size before relaxing)
 .debug_str     0x00009b5f      0x2fc ./Modules/cc2520/src/cc2520-mac.o
                               0x976c (size before relaxing)
 .debug_str     0x00009e5b       0x72 ./Modules/cc2520/src/cc2520-task.o
                               0x9650 (size before relaxing)
 .debug_str     0x00009ecd      0x25a ./Modules/cc2520/src/cc2520.o
                               0x96f2 (size before relaxing)
 .debug_str     0x0000a127       0x62 ./Modules/Board/src/ledpul.o
                               0x9524 (size before relaxing)
 .debug_str     0x0000a189      0x357 ./Modules/Board/src/ssp.o
                               0x9dae (size before relaxing)
 .debug_str     0x0000a4e0      0x48b /home/patricio/Embebidos/Protocolos/Practica/ws-1343 hola mundo/CMSISv2p00_LPC13xx/Debug/libCMSISv2p00_LPC13xx.a(system_LPC13xx.o)
                               0x790e (size before relaxing)

.comment        0x00000000       0xe0
 .comment       0x00000000       0x70 ./src/cr_startup_lpc13.o
                                 0x71 (size before relaxing)
 .comment       0x00000000       0x71 ./src/main.o
 .comment       0x00000000       0x71 ./Modules/cc2520/src/cc2520-mac.o
 .comment       0x00000000       0x71 ./Modules/cc2520/src/cc2520-task.o
 .comment       0x00000000       0x71 ./Modules/cc2520/src/cc2520.o
 .comment       0x00000000       0x71 ./Modules/Board/src/ledpul.o
 .comment       0x00000000       0x71 ./Modules/Board/src/ssp.o
 .comment       0x00000000       0x71 /home/patricio/Embebidos/Protocolos/Practica/ws-1343 hola mundo/CMSISv2p00_LPC13xx/Debug/libCMSISv2p00_LPC13xx.a(system_LPC13xx.o)
 .comment       0x00000070       0x70 /usr/local/lpcxpresso_8.0.0_526/lpcxpresso/tools/bin/../lib/gcc/arm-none-eabi/4.9.3/../../../../arm-none-eabi/lib/armv7-m/libcr_semihost.a(_cr__main.o)
                                 0x71 (size before relaxing)
 .comment       0x00000000       0x71 /usr/local/lpcxpresso_8.0.0_526/lpcxpresso/tools/bin/../lib/gcc/arm-none-eabi/4.9.3/../../../../arm-none-eabi/lib/armv7-m/libcr_c.a(fpprintf.o)
 .comment       0x00000000       0x71 /usr/local/lpcxpresso_8.0.0_526/lpcxpresso/tools/bin/../lib/gcc/arm-none-eabi/4.9.3/../../../../arm-none-eabi/lib/armv7-m/libcr_c.a(initio.o)
 .comment       0x00000000       0x71 /usr/local/lpcxpresso_8.0.0_526/lpcxpresso/tools/bin/../lib/gcc/arm-none-eabi/4.9.3/../../../../arm-none-eabi/lib/armv7-m/libcr_c.a(printf.o)
 .comment       0x00000000       0x71 /usr/local/lpcxpresso_8.0.0_526/lpcxpresso/tools/bin/../lib/gcc/arm-none-eabi/4.9.3/../../../../arm-none-eabi/lib/armv7-m/libcr_c.a(setvbuf.o)
 .comment       0x00000000       0x71 /usr/local/lpcxpresso_8.0.0_526/lpcxpresso/tools/bin/../lib/gcc/arm-none-eabi/4.9.3/../../../../arm-none-eabi/lib/armv7-m/libcr_c.a(stdio.o)
 .comment       0x00000000       0x71 /usr/local/lpcxpresso_8.0.0_526/lpcxpresso/tools/bin/../lib/gcc/arm-none-eabi/4.9.3/../../../../arm-none-eabi/lib/armv7-m/libcr_c.a(strlen.o)
 .comment       0x00000000       0x71 /usr/local/lpcxpresso_8.0.0_526/lpcxpresso/tools/bin/../lib/gcc/arm-none-eabi/4.9.3/../../../../arm-none-eabi/lib/armv7-m/libcr_c.a(strncmp.o)
 .comment       0x00000000       0x71 /usr/local/lpcxpresso_8.0.0_526/lpcxpresso/tools/bin/../lib/gcc/arm-none-eabi/4.9.3/../../../../arm-none-eabi/lib/armv7-m/libcr_c.a(memset.o)
 .comment       0x00000000       0x71 /usr/local/lpcxpresso_8.0.0_526/lpcxpresso/tools/bin/../lib/gcc/arm-none-eabi/4.9.3/../../../../arm-none-eabi/lib/armv7-m/libcr_c.a(_deferredlazyseek.o)
 .comment       0x00000000       0x71 /usr/local/lpcxpresso_8.0.0_526/lpcxpresso/tools/bin/../lib/gcc/arm-none-eabi/4.9.3/../../../../arm-none-eabi/lib/armv7-m/libcr_c.a(_fdopen.o)
 .comment       0x00000000       0x71 /usr/local/lpcxpresso_8.0.0_526/lpcxpresso/tools/bin/../lib/gcc/arm-none-eabi/4.9.3/../../../../arm-none-eabi/lib/armv7-m/libcr_c.a(_fflush.o)
 .comment       0x00000000       0x71 /usr/local/lpcxpresso_8.0.0_526/lpcxpresso/tools/bin/../lib/gcc/arm-none-eabi/4.9.3/../../../../arm-none-eabi/lib/armv7-m/libcr_c.a(_frexpl.o)
 .comment       0x00000000       0x71 /usr/local/lpcxpresso_8.0.0_526/lpcxpresso/tools/bin/../lib/gcc/arm-none-eabi/4.9.3/../../../../arm-none-eabi/lib/armv7-m/libcr_c.a(_ldexpl.o)
 .comment       0x00000000       0x71 /usr/local/lpcxpresso_8.0.0_526/lpcxpresso/tools/bin/../lib/gcc/arm-none-eabi/4.9.3/../../../../arm-none-eabi/lib/armv7-m/libcr_c.a(_writebuf.o)
 .comment       0x00000000       0x71 /usr/local/lpcxpresso_8.0.0_526/lpcxpresso/tools/bin/../lib/gcc/arm-none-eabi/4.9.3/../../../../arm-none-eabi/lib/armv7-m/libcr_c.a(alloc.o)
 .comment       0x00000000       0x71 /usr/local/lpcxpresso_8.0.0_526/lpcxpresso/tools/bin/../lib/gcc/arm-none-eabi/4.9.3/../../../../arm-none-eabi/lib/armv7-m/libcr_c.a(errno.o)
 .comment       0x00000000       0x71 /usr/local/lpcxpresso_8.0.0_526/lpcxpresso/tools/bin/../lib/gcc/arm-none-eabi/4.9.3/../../../../arm-none-eabi/lib/armv7-m/libcr_c.a(fclose.o)
 .comment       0x00000000       0x71 /usr/local/lpcxpresso_8.0.0_526/lpcxpresso/tools/bin/../lib/gcc/arm-none-eabi/4.9.3/../../../../arm-none-eabi/lib/armv7-m/libcr_c.a(fflush.o)
 .comment       0x00000000       0x71 /usr/local/lpcxpresso_8.0.0_526/lpcxpresso/tools/bin/../lib/gcc/arm-none-eabi/4.9.3/../../../../arm-none-eabi/lib/armv7-m/libcr_c.a(fseek.o)
 .comment       0x00000000       0x71 /usr/local/lpcxpresso_8.0.0_526/lpcxpresso/tools/bin/../lib/gcc/arm-none-eabi/4.9.3/../../../../arm-none-eabi/lib/armv7-m/libcr_c.a(ftell.o)
 .comment       0x00000000       0x71 /usr/local/lpcxpresso_8.0.0_526/lpcxpresso/tools/bin/../lib/gcc/arm-none-eabi/4.9.3/../../../../arm-none-eabi/lib/armv7-m/libcr_c.a(remove.o)
 .comment       0x00000000       0x71 /usr/local/lpcxpresso_8.0.0_526/lpcxpresso/tools/bin/../lib/gcc/arm-none-eabi/4.9.3/../../../../arm-none-eabi/lib/armv7-m/libcr_c.a(__init_alloc.o)
 .comment       0x00000000       0x71 /usr/local/lpcxpresso_8.0.0_526/lpcxpresso/tools/bin/../lib/gcc/arm-none-eabi/4.9.3/../../../../arm-none-eabi/lib/armv7-m/libcr_c.a(_cr_sbrk.o)
 .comment       0x00000000       0x71 /usr/local/lpcxpresso_8.0.0_526/lpcxpresso/tools/bin/../lib/gcc/arm-none-eabi/4.9.3/../../../../arm-none-eabi/lib/armv7-m/libcr_c.a(_do_fflush.o)
 .comment       0x00000000       0x71 /usr/local/lpcxpresso_8.0.0_526/lpcxpresso/tools/bin/../lib/gcc/arm-none-eabi/4.9.3/../../../../arm-none-eabi/lib/armv7-m/libcr_c.a(_hugeval.o)
 .comment       0x00000000       0x71 /usr/local/lpcxpresso_8.0.0_526/lpcxpresso/tools/bin/../lib/gcc/arm-none-eabi/4.9.3/../../../../arm-none-eabi/lib/armv7-m/libcr_c.a(_cr_check_heap.o)
 .comment       0x00000000       0x71 /usr/local/lpcxpresso_8.0.0_526/lpcxpresso/tools/bin/../lib/gcc/arm-none-eabi/4.9.3/armv7-m/libcr_eabihelpers.a(double.o)

.ARM.attributes
                0x00000000       0x31
 .ARM.attributes
                0x00000000       0x33 ./src/cr_startup_lpc13.o
 .ARM.attributes
                0x00000033       0x33 ./src/main.o
 .ARM.attributes
                0x00000066       0x33 ./Modules/cc2520/src/cc2520-mac.o
 .ARM.attributes
                0x00000099       0x33 ./Modules/cc2520/src/cc2520-task.o
 .ARM.attributes
                0x000000cc       0x33 ./Modules/cc2520/src/cc2520.o
 .ARM.attributes
                0x000000ff       0x33 ./Modules/Board/src/ledpul.o
 .ARM.attributes
                0x00000132       0x33 ./Modules/Board/src/ssp.o
 .ARM.attributes
                0x00000165       0x33 /home/patricio/Embebidos/Protocolos/Practica/ws-1343 hola mundo/CMSISv2p00_LPC13xx/Debug/libCMSISv2p00_LPC13xx.a(system_LPC13xx.o)
 .ARM.attributes
                0x00000198       0x33 /usr/local/lpcxpresso_8.0.0_526/lpcxpresso/tools/bin/../lib/gcc/arm-none-eabi/4.9.3/../../../../arm-none-eabi/lib/armv7-m/libcr_semihost.a(_cr__main.o)
 .ARM.attributes
                0x000001cb       0x33 /usr/local/lpcxpresso_8.0.0_526/lpcxpresso/tools/bin/../lib/gcc/arm-none-eabi/4.9.3/../../../../arm-none-eabi/lib/armv7-m/libcr_c.a(fpprintf.o)
 .ARM.attributes
                0x000001fe       0x33 /usr/local/lpcxpresso_8.0.0_526/lpcxpresso/tools/bin/../lib/gcc/arm-none-eabi/4.9.3/../../../../arm-none-eabi/lib/armv7-m/libcr_c.a(initio.o)
 .ARM.attributes
                0x00000231       0x33 /usr/local/lpcxpresso_8.0.0_526/lpcxpresso/tools/bin/../lib/gcc/arm-none-eabi/4.9.3/../../../../arm-none-eabi/lib/armv7-m/libcr_c.a(printf.o)
 .ARM.attributes
                0x00000264       0x33 /usr/local/lpcxpresso_8.0.0_526/lpcxpresso/tools/bin/../lib/gcc/arm-none-eabi/4.9.3/../../../../arm-none-eabi/lib/armv7-m/libcr_c.a(setvbuf.o)
 .ARM.attributes
                0x00000297       0x33 /usr/local/lpcxpresso_8.0.0_526/lpcxpresso/tools/bin/../lib/gcc/arm-none-eabi/4.9.3/../../../../arm-none-eabi/lib/armv7-m/libcr_c.a(stdio.o)
 .ARM.attributes
                0x000002ca       0x33 /usr/local/lpcxpresso_8.0.0_526/lpcxpresso/tools/bin/../lib/gcc/arm-none-eabi/4.9.3/../../../../arm-none-eabi/lib/armv7-m/libcr_c.a(strlen.o)
 .ARM.attributes
                0x000002fd       0x33 /usr/local/lpcxpresso_8.0.0_526/lpcxpresso/tools/bin/../lib/gcc/arm-none-eabi/4.9.3/../../../../arm-none-eabi/lib/armv7-m/libcr_c.a(strncmp.o)
 .ARM.attributes
                0x00000330       0x33 /usr/local/lpcxpresso_8.0.0_526/lpcxpresso/tools/bin/../lib/gcc/arm-none-eabi/4.9.3/../../../../arm-none-eabi/lib/armv7-m/libcr_c.a(memset.o)
 .ARM.attributes
                0x00000363       0x33 /usr/local/lpcxpresso_8.0.0_526/lpcxpresso/tools/bin/../lib/gcc/arm-none-eabi/4.9.3/../../../../arm-none-eabi/lib/armv7-m/libcr_c.a(_deferredlazyseek.o)
 .ARM.attributes
                0x00000396       0x33 /usr/local/lpcxpresso_8.0.0_526/lpcxpresso/tools/bin/../lib/gcc/arm-none-eabi/4.9.3/../../../../arm-none-eabi/lib/armv7-m/libcr_c.a(_fdopen.o)
 .ARM.attributes
                0x000003c9       0x33 /usr/local/lpcxpresso_8.0.0_526/lpcxpresso/tools/bin/../lib/gcc/arm-none-eabi/4.9.3/../../../../arm-none-eabi/lib/armv7-m/libcr_c.a(_fflush.o)
 .ARM.attributes
                0x000003fc       0x33 /usr/local/lpcxpresso_8.0.0_526/lpcxpresso/tools/bin/../lib/gcc/arm-none-eabi/4.9.3/../../../../arm-none-eabi/lib/armv7-m/libcr_c.a(_frexpl.o)
 .ARM.attributes
                0x0000042f       0x33 /usr/local/lpcxpresso_8.0.0_526/lpcxpresso/tools/bin/../lib/gcc/arm-none-eabi/4.9.3/../../../../arm-none-eabi/lib/armv7-m/libcr_c.a(_ldexpl.o)
 .ARM.attributes
                0x00000462       0x33 /usr/local/lpcxpresso_8.0.0_526/lpcxpresso/tools/bin/../lib/gcc/arm-none-eabi/4.9.3/../../../../arm-none-eabi/lib/armv7-m/libcr_c.a(_writebuf.o)
 .ARM.attributes
                0x00000495       0x33 /usr/local/lpcxpresso_8.0.0_526/lpcxpresso/tools/bin/../lib/gcc/arm-none-eabi/4.9.3/../../../../arm-none-eabi/lib/armv7-m/libcr_c.a(alloc.o)
 .ARM.attributes
                0x000004c8       0x33 /usr/local/lpcxpresso_8.0.0_526/lpcxpresso/tools/bin/../lib/gcc/arm-none-eabi/4.9.3/../../../../arm-none-eabi/lib/armv7-m/libcr_c.a(errno.o)
 .ARM.attributes
                0x000004fb       0x33 /usr/local/lpcxpresso_8.0.0_526/lpcxpresso/tools/bin/../lib/gcc/arm-none-eabi/4.9.3/../../../../arm-none-eabi/lib/armv7-m/libcr_c.a(fclose.o)
 .ARM.attributes
                0x0000052e       0x33 /usr/local/lpcxpresso_8.0.0_526/lpcxpresso/tools/bin/../lib/gcc/arm-none-eabi/4.9.3/../../../../arm-none-eabi/lib/armv7-m/libcr_c.a(fflush.o)
 .ARM.attributes
                0x00000561       0x33 /usr/local/lpcxpresso_8.0.0_526/lpcxpresso/tools/bin/../lib/gcc/arm-none-eabi/4.9.3/../../../../arm-none-eabi/lib/armv7-m/libcr_c.a(fseek.o)
 .ARM.attributes
                0x00000594       0x33 /usr/local/lpcxpresso_8.0.0_526/lpcxpresso/tools/bin/../lib/gcc/arm-none-eabi/4.9.3/../../../../arm-none-eabi/lib/armv7-m/libcr_c.a(ftell.o)
 .ARM.attributes
                0x000005c7       0x33 /usr/local/lpcxpresso_8.0.0_526/lpcxpresso/tools/bin/../lib/gcc/arm-none-eabi/4.9.3/../../../../arm-none-eabi/lib/armv7-m/libcr_c.a(remove.o)
 .ARM.attributes
                0x000005fa       0x33 /usr/local/lpcxpresso_8.0.0_526/lpcxpresso/tools/bin/../lib/gcc/arm-none-eabi/4.9.3/../../../../arm-none-eabi/lib/armv7-m/libcr_c.a(__init_alloc.o)
 .ARM.attributes
                0x0000062d       0x33 /usr/local/lpcxpresso_8.0.0_526/lpcxpresso/tools/bin/../lib/gcc/arm-none-eabi/4.9.3/../../../../arm-none-eabi/lib/armv7-m/libcr_c.a(_cr_sbrk.o)
 .ARM.attributes
                0x00000660       0x33 /usr/local/lpcxpresso_8.0.0_526/lpcxpresso/tools/bin/../lib/gcc/arm-none-eabi/4.9.3/../../../../arm-none-eabi/lib/armv7-m/libcr_c.a(_do_fflush.o)
 .ARM.attributes
                0x00000693       0x33 /usr/local/lpcxpresso_8.0.0_526/lpcxpresso/tools/bin/../lib/gcc/arm-none-eabi/4.9.3/../../../../arm-none-eabi/lib/armv7-m/libcr_c.a(_hugeval.o)
 .ARM.attributes
                0x000006c6       0x33 /usr/local/lpcxpresso_8.0.0_526/lpcxpresso/tools/bin/../lib/gcc/arm-none-eabi/4.9.3/../../../../arm-none-eabi/lib/armv7-m/libcr_c.a(_cr_check_heap.o)
 .ARM.attributes
                0x000006f9       0x33 /usr/local/lpcxpresso_8.0.0_526/lpcxpresso/tools/bin/../lib/gcc/arm-none-eabi/4.9.3/armv7-m/libcr_eabihelpers.a(double.o)
 .ARM.attributes
                0x0000072c       0x21 /usr/local/lpcxpresso_8.0.0_526/lpcxpresso/tools/bin/../lib/gcc/arm-none-eabi/4.9.3/armv7-m/libcr_eabihelpers.a(memcpy.o)
 .ARM.attributes
                0x0000074d       0x21 /usr/local/lpcxpresso_8.0.0_526/lpcxpresso/tools/bin/../lib/gcc/arm-none-eabi/4.9.3/../../../../arm-none-eabi/lib/armv7-m/libcr_semihost.a(__sys_appexit.o)
 .ARM.attributes
                0x0000076e       0x21 /usr/local/lpcxpresso_8.0.0_526/lpcxpresso/tools/bin/../lib/gcc/arm-none-eabi/4.9.3/../../../../arm-none-eabi/lib/armv7-m/libcr_semihost.a(__sys_close.o)
 .ARM.attributes
                0x0000078f       0x21 /usr/local/lpcxpresso_8.0.0_526/lpcxpresso/tools/bin/../lib/gcc/arm-none-eabi/4.9.3/../../../../arm-none-eabi/lib/armv7-m/libcr_semihost.a(__sys_flen.o)
 .ARM.attributes
                0x000007b0       0x21 /usr/local/lpcxpresso_8.0.0_526/lpcxpresso/tools/bin/../lib/gcc/arm-none-eabi/4.9.3/../../../../arm-none-eabi/lib/armv7-m/libcr_semihost.a(__sys_istty.o)
 .ARM.attributes
                0x000007d1       0x21 /usr/local/lpcxpresso_8.0.0_526/lpcxpresso/tools/bin/../lib/gcc/arm-none-eabi/4.9.3/../../../../arm-none-eabi/lib/armv7-m/libcr_semihost.a(__sys_remove.o)
 .ARM.attributes
                0x000007f2       0x21 /usr/local/lpcxpresso_8.0.0_526/lpcxpresso/tools/bin/../lib/gcc/arm-none-eabi/4.9.3/../../../../arm-none-eabi/lib/armv7-m/libcr_semihost.a(__sys_seek.o)
 .ARM.attributes
                0x00000813       0x21 /usr/local/lpcxpresso_8.0.0_526/lpcxpresso/tools/bin/../lib/gcc/arm-none-eabi/4.9.3/../../../../arm-none-eabi/lib/armv7-m/libcr_semihost.a(__sys_tmpnam.o)
 .ARM.attributes
                0x00000834       0x21 /usr/local/lpcxpresso_8.0.0_526/lpcxpresso/tools/bin/../lib/gcc/arm-none-eabi/4.9.3/../../../../arm-none-eabi/lib/armv7-m/libcr_semihost.a(__sys_write.o)

.debug_frame    0x00000000      0x69c
 .debug_frame   0x00000000       0xf0 ./src/cr_startup_lpc13.o
 .debug_frame   0x000000f0       0x98 ./src/main.o
 .debug_frame   0x00000188      0x270 ./Modules/cc2520/src/cc2520-mac.o
 .debug_frame   0x000003f8       0x5c ./Modules/cc2520/src/cc2520-task.o
 .debug_frame   0x00000454       0xd4 ./Modules/cc2520/src/cc2520.o
 .debug_frame   0x00000528       0x98 ./Modules/Board/src/ledpul.o
 .debug_frame   0x000005c0       0xac ./Modules/Board/src/ssp.o
 .debug_frame   0x0000066c       0x30 /home/patricio/Embebidos/Protocolos/Practica/ws-1343 hola mundo/CMSISv2p00_LPC13xx/Debug/libCMSISv2p00_LPC13xx.a(system_LPC13xx.o)
